GET     /assets/*file       controllers.Assets.at(path="/public", file)
GET     /assets2/*file      controllers.Assets.at(path="/public2", file)

$ cat > public/foo.txt
hi
$ mkdir public2
$ cp public/foo.txt public2

$ telnet localhost 9000
Trying 127.0.0.1...
Connected to localhost.
Escape character is '^]'.
GET /assets/foo.txt HTTP/1.0

HTTP/1.1 200 OK
Content-Length: 3
Content-Type: text/plain
Etag: 5246040afe91a4cc93bd838a4d5db3984b99470b
Cache-Control: no-cache

hi
Connection closed by foreign host.

$ telnet localhost 9000
Trying 127.0.0.1...
Connected to localhost.
Escape character is '^]'.
GET /assets2/foo.txt HTTP/1.0

HTTP/1.1 404 Not Found
Content-Length: 0

Connection closed by foreign host.

