scala> trait X
defined trait X

scala> trait Y { this: X => }
defined trait Y

scala> new Y {}
<console>:10: error: illegal inheritance;
self-type Y does not conform to Y's selftype Y with X
              new Y {}
                  ^

scala> new Y with X {}
res1: Y with X = $anon$1@1125a40

scala> object Z { this: X => }
defined module Z

scala> trait X { class X1 }
defined trait X

scala> trait Y { this: X => new X1 }
defined trait Y

scala> object Z { this: X => new X1 }
<console>:8: error: not found: type X1
       object Z { this: X => new X1 }
                                 ^

