scala> "a" + 3.toString
res0: java.lang.String = a3

scala> "a".+(3.toString) 
res1: java.lang.String = a3

scala> def x(f:(Int)=>String) = f(3)
x: (f: Int => String)String
scala> x("a" + _.toString)
res3: String = a3

scala> x("a".+(_.toString))
<console>:9: error: missing parameter type for expanded function ((x$1) => x$1.toString)
          x("a".+(_.toString))

