scala> def check( obj : Singleton ) = obj
check: (obj: Singleton)Singleton

scala> check( Predef )
res0: Singleton = scala.Predef$@4d3e9963

scala> check ( new java.lang.Object() )
<console>:9: error: type mismatch;
 found   : java.lang.Object
 required: Singleton
              check ( new java.lang.Object() )

scala> check( Map )
res3: Singleton = scala.collection.immutable.Map$@6808aa2d

scala> check( Map.empty[Any,Any] )
<console>:9: error: type mismatch;
 found   : scala.collection.immutable.Map[Any,Any]
 required: Singleton
              check( Map.empty[Any,Any] )

scala> check( "foo" )
res7: Singleton = foo

scala> check( new String("foo") )
<console>:9: error: type mismatch;
 found   : java.lang.String
 required: Singleton
              check( new String("foo") )

