def
val
def
val
def
val
def
scala> def i: Int = 3
i: Int

scala> i
res2: Int = 3

val i = 3
scala> i()
<console>:9: error: Int does not take parameters
i()

def
i
scala> def i(): Int = 3
i: ()Int

scala> i()
res4: Int = 3

i
def
val
