Universe.MethodTypeExtractor
MethodType(params, respte)
MethodType
scala> typeOf[List[Int]].member(newTermName("head"))
res2: reflect.runtime.universe.Symbol = method head

scala> res2 match { case MethodType(a, b) => println((a, b)) }
scala.MatchError: method head (of class scala.reflect.internal.Symbols$MethodSymbol) [...]

scala> res2.asType match { case MethodType(a, b) => println((a, b)) }
scala.ScalaReflectionException: method head is not a type [...]

scala> res2.asTerm match { case MethodType(a, b) => println((a, b)) }
scala.MatchError: method head (of class scala.reflect.internal.Symbols$MethodSymbol) [...]

scala> res2.asMethod match { case MethodType(a, b) => println((a, b)) }
scala.MatchError: method head (of class scala.reflect.internal.Symbols$MethodSymbol) [...]

