curried
scala> case class Foo(a: String, b: Int)
defined class Foo

scala> Foo.curried
res4: String => (Int => Foo) = <function1>

scala> :paste
// Entering paste mode (ctrl-D to finish)

case class Foo(a: String, b: Int)
object Foo {}

// Exiting paste mode, now interpreting.

defined class Foo
defined module Foo

scala> Foo.curried
<console>:9: error: value curried is not a member of object Foo
              Foo.curried

scala> :paste
// Entering paste mode (ctrl-D to finish)

case class Foo(a: String, b: Int)
object Foo { def curried = (Foo.apply _).curried }

// Exiting paste mode, now interpreting.

defined class Foo
defined module Foo

scala> Foo.curried
res5: String => (Int => Foo) = <function1>

apply
