show
Any
scala>     import scalaz._
import scalaz._

scala>     import Scalaz._
import Scalaz._

scala>     {def a: Any = "sratatata"; a}.show
<console>:14: error: could not find implicit value for parameter F0: scalaz.Show[Any]
{def a: Any = "sratatata"; a}.show
^

Show[Any]
Show[A]
scala> implicit def anyShow[A] = Show.showFromToString[A]
anyShow: [A]=> scalaz.Show[A]

scala> {def a: Any = "sratatata"; a}.show
res0: scalaz.Cord = sratatata

Equal
import scalaz.syntax.ShowSyntax
scala>     import scalaz._
import scalaz._

scala>     import Scalaz._
import Scalaz._

scala>     import scalaz.syntax._
import scalaz.syntax._

scala>     import scalaz.syntax.ToShowOps
import scalaz.syntax.ToShowOps

scala>     import scalaz.syntax.ShowSyntax
import scalaz.syntax.ShowSyntax

scala>     {def a: Any = "sratatata"; a}.show
<console>:19: error: could not find implicit value for parameter F0: scalaz.Show[Any]
{def a: Any = "sratatata"; a}.show

implicit scalaz.Show[Any]
