scala> var mmm = 4
mmm: Int = 4

scala> {
     | println(mmm)
     | mmm += 2
     | println(mmm)
     | }
4
6

scala> println(mmm)
6

scala> val a = 4
a: Int = 4

scala> {
     | println(a)
     | }
4

scala> val a = 4
a: Int = 4

scala> {
     | val a = 8
     | }

scala> val a = 4
a: Int = 4

scala> {
     | println(a)
     | val a = 8
     | println(a)
     | }

error: forward reference extends over definition of value a
              println(a)

