<console>:8: error: constructor Queue in class Queue cannot be accessed in object $iw
 Access to protected constructor Queue not permitted because
 enclosing class object $iw in object $iw is not a subclass of 
 class Queue in package immutable where target is defined
       val a=new Queue[Int]()
             ^

scala> import scala.collection.immutable.Queue
import scala.collection.immutable.Queue

scala> val a=new Queue[Int]()
<console>:8: error: constructor Queue in class Queue cannot be accessed in object $iw
 Access to protected constructor Queue not permitted because
 enclosing class object $iw in object $iw is not a subclass of 
 class Queue in package immutable where target is defined
       val a=new Queue[Int]()

scala> import scala.collection.mutable.Queue
import scala.collection.mutable.Queue

scala> val a=new Queue[Int]()
a: scala.collection.mutable.Queue[Int] = Queue()



scala> import scala.collection.immutable.Stack
import scala.collection.immutable.Stack

scala> val a=new Stack[Int]()
a: scala.collection.immutable.Stack[Int] = Stack()


scala> import scala.collection.mutable.Stack
import scala.collection.mutable.Stack

scala> val a=new Stack[Int]()
a: scala.collection.mutable.Stack[Int] = Stack()

