scala> val myset = Set(1,2)
myset: scala.collection.immutable.Set[Int] = Set(1, 2)

scala> myset += 3
<console>:9: error: reassignment to val
              myset += 3
                    ^

scala> var myset = Set(1,2)
myset: scala.collection.immutable.Set[Int] = Set(1, 2)

scala> myset += 3

scala> myset
res47: scala.collection.immutable.Set[Int] = Set(1, 2, 3)

