me@my-lap:~$ scala -cp /path/to/maven/repository/org/apache/httpcomponents/httpclient/4.1.1/httpclient-4.1.1.jar:/path/to/maven/repository/commons-httpclient/commons-httpclient/3.1/commons-httpclient-3.1.jar:/path/to/maven/repository/me/my-utils/1.0-SNAPSHOT/my-utils-1.0-SNAPSHOT.jar:/path/to/maven/repository/org/apache/httpcomponents/httpcore/4.1/httpcore-4.1.jar
Welcome to Scala version 2.9.2 (Java HotSpot(TM) 64-Bit Server VM, Java 1.7.0_17).
Type in expressions to have them evaluated.
Type :help for more information.

scala> import org.apache.http.conn.{HttpHostConnectException,ConnectTimeoutException}
import org.apache.http.conn.{HttpHostConnectException, ConnectTimeoutException}

scala> import me.util.exceptions.RetryException
import me.util.exceptions.RetryException

scala> val validEx = classOf[ConnectTimeoutException] :: classOf[RetryException] :: classOf[HttpHostConnectException] :: Nil
<console>:9: error: inferred type arguments [java.lang.Class[_ >: _1 with org.apache.http.conn.ConnectTimeoutException <: java.lang.Exception]] do not conform to method ::'s type parameter bounds [B >: java.lang.Class[_ >: org.apache.http.conn.HttpHostConnectException with me.util.exceptions.RetryException <: java.lang.Exception]]
       val validEx = classOf[ConnectTimeoutException] :: classOf[RetryException] :: classOf[HttpHostConnectException] :: Nil
                                                      ^

scala> val validEx = classOf[ConnectTimeoutException] :: classOf[RetryException] :: Nil
validEx: List[java.lang.Class[_ >: me.util.exceptions.RetryException with org.apache.http.conn.ConnectTimeoutException <: java.lang.Exception]] = List(class org.apache.http.conn.ConnectTimeoutException, class me.util.exceptions.RetryException)

scala> val validEx = classOf[ConnectTimeoutException] :: classOf[HttpHostConnectException] :: Nil
validEx: List[java.lang.Class[_ >: org.apache.http.conn.HttpHostConnectException with org.apache.http.conn.ConnectTimeoutException <: java.io.IOException]] = List(class org.apache.http.conn.ConnectTimeoutException, class org.apache.http.conn.HttpHostConnectException)

scala> val validEx = classOf[RetryException] :: classOf[HttpHostConnectException] :: Nil
validEx: List[java.lang.Class[_ >: org.apache.http.conn.HttpHostConnectException with me.util.exceptions.RetryException <: java.lang.Exception]] = List(class me.util.exceptions.RetryException, class org.apache.http.conn.HttpHostConnectException)

List()
::
scala> val validEx = List(classOf[ConnectTimeoutException], classOf[RetryException], classOf[HttpHostConnectException])
validEx: List[java.lang.Class[_ >: org.apache.http.conn.HttpHostConnectException with me.util.exceptions.RetryException with org.apache.http.conn.ConnectTimeoutException <: java.lang.Exception]] = List(class org.apache.http.conn.ConnectTimeoutException, class me.util.exceptions.RetryException, class org.apache.http.conn.HttpHostConnectException)

RetryException
class RetryException extends Exception {}

::
List[java.lang.Class[_ >: org.apache.http.conn.HttpHostConnectException with me.util.exceptions.RetryException with org.apache.http.conn.ConnectTimeoutException <: java.lang.Exception]]
validExceptions: List[Class[_ <: java.lang.Throwable]]
List[Class[_ <: java.lang.Exception]]
