Map
->
scala> (2->"two")
res1: (Int, String) = (2,two)

scala> (2,"two")
res2: (Int, String) = (2,two)

scala> (2->"two") == (2, "two")
res3: Boolean = true

scala> Map(1->"one") + (2->"two")
res4: scala.collection.immutable.Map[Int,String] = Map(1 -> one, 2 -> two)

scala> Map(1->"one") + (2, "two")
<console>:8: error: type mismatch; 
found   : Int(2)
required: (Int, ?)
             Map(1->"one") + (2, "two")

