scala> val s = "Dave"
s: java.lang.String = Dave

scala> val p = s:Object
p: java.lang.Object = Dave

scala> p.length
<console>:7: error: value length is not a member of java.lang.Object
       p.length
         ^
scala> p.getClass
res10: java.lang.Class[_ <: java.lang.Object] = class java.lang.String

scala> s.getClass
res11: java.lang.Class[_ <: java.lang.Object] = class java.lang.String

scala> p.asInstanceOf[String].length
res9: Int = 4

