scala> def testAnyRefConstraint[T <: AnyRef](option:Option[T]):T = {
     | //without the cast, fails with compiler error:
     | //    "found: Null(null) required: T"
     | option getOrElse null.asInstanceOf[T]
     | }
testAnyRefConstraint: [T <: AnyRef](Option[T])T

scala> testAnyRefConstraint(Some(""))
res0: java.lang.String = 

scala> testAnyRefConstraint(Some(0))
<console>:16: error: inferred type arguments [Int] do not conform to method testAnyRefConstraint's type parameter bounds [T <: AnyRef]
       testAnyRefConstraint(Some(0))

scala> def testNullConstraint[T >: Null](option:Option[T]):T = {
     | option getOrElse null
     | }
testNullConstraint: [T >: Null](Option[T])T

scala> testNullConstraint(Some(""))
res2: java.lang.String = 

scala> testNullConstraint(Some(0))
res3: Any = 0

