@uncheckedVariance
scala> import java.util.Comparator    
import java.util.Comparator

scala> trait Foo[T] extends Comparator[T]
defined trait Foo

scala> trait Foo[-T] extends Comparator[T]     
<console>:5: error: contravariant type T occurs in invariant position in type [-T]java.lang.Object with java.util.Comparator[T] of trait Foo
       trait Foo[-T] extends Comparator[T]
             ^

scala> import annotation.unchecked._    
import annotation.unchecked._

scala> trait Foo[-T] extends Comparator[T @uncheckedVariance]    
defined trait Foo

T
trait GenericTraversableTemplate[+A, +CC[X] <: Traversable[X]] extends HasNewBuilder[A, CC[A] @uncheckedVariance]

