// I've got a var with some XML in it
scala> qq2
res9: scala.xml.Elem = <a><a1>A1</a1><bs><b>B1</b><c>C1</c><d>D1</d></bs></a>

// I can extract sub-elements
scala> (qq2 \ "bs")
res10: scala.xml.NodeSeq = NodeSeq(<bs><b>B1</b><c>C1</c><d>D1</d></bs>)

// but if I try to match against this NodeSeq, it fails to match
scala> (qq2 \ "bs") match {case <bs>{x @ _*}</bs> => 
            for (xx <- x) println("matched " + xx) }      
scala.MatchError: <bs><b>B1</b><c>C1</c><d>D1</d></bs>
        at .<init>(<console>:7)
        at ...

// but if I just type in the XML directly, it works as expected
scala> <bs><b>B1</b><c>C1</c><d>D1</d></bs> match {
          case <bs>{x @ _*}</bs> => for (xx <- x) println("matched " + xx) }
matched <b>B1</b>
matched <c>C1</c>
matched <d>D1</d>

// presumably because it's of type Elem, not NodeSeq
scala> <bs><b>B1</b><c>C1</c><d>D1</d></bs>
res13: scala.xml.Elem = <bs><b>B1</b><c>C1</c><d>D1</d></bs>

