MyValue1
MyValue2
myValue1
myValue2
val myValue1 = "hello"
val myValue2 = "world"
val MyValue1 = "hello"
val MyValue2 = "world"

var x:String = "test"

x match {
  case MyValue1 | MyValue2 => println ("first match")
  case myValue1 | myValue2 => println ("second match")
}

scala> val myValue1 = "hello"
myValue1: java.lang.String = hello

scala> val myValue2 = "world"
myValue2: java.lang.String = world

scala> val MyValue1 = "hello"
MyValue1: java.lang.String = hello

scala> val MyValue2 = "world"
MyValue2: java.lang.String = world

scala> var x:String = "test"
x: String = test

scala> x match {
 |   case MyValue1 | MyValue2 => println ("first match")
 |   case myValue1 | myValue2 => println ("second match")
 | }
<console>:11: error: illegal variable in pattern alternative
     case myValue1 | myValue2 => println ("second match")
          ^
<console>:11: error: illegal variable in pattern alternative
     case myValue1 | myValue2 => println ("second match")
                     ^

x match {
   case myValue1 => println ("match")
   case _ => 
}

unreachable code
