Welcome to Scala version 2.8.1.final (Java HotSpot(TM) Client VM, Java 1.6.0_17).
Type in expressions to have them evaluated.
Type :help for more information.

scala> class A
defined class A

scala> val a = new A
a: A = A@1643e4b

scala> a.apply("foo")
<console>:8: error: value apply is not a member of A
       a.apply("foo")
         ^

scala> implicit def anyToFunc(any: Any) = { x: String => "bar" }
anyToFunc: (any: Any)(String) => java.lang.String

scala> a.apply("foo")
res1: java.lang.String = bar

apply
scala> class B { override def toString = "an instance of class B" }
defined class B

scala> implicit def anyToFunc(any: Any) = { x: String =>
     | println("any is " + any.toString)
     | println("x is " + x)
     | "bar" }
anyToFunc: (any: Any)(String) => java.lang.String

scala> val b = new B
b: B = an instance of class B

scala> b.apply("test")
any is an instance of class B
x is test
res8: java.lang.String = bar

