scala> def test1(str: String) = str + str;    
test1: (str: String)java.lang.String

scala> test1("ab")
res0: java.lang.String = abab

scala> val test2 = test1
<console>:6: error: missing arguments for method test1 in object $iw;
follow this method with `_' if you want to treat it as a partially applied function
       val test2 = test1
                   ^

scala> val test2 = test1 _
test2: (String) => java.lang.String = <function1>

scala> test2("ab")
res1: java.lang.String = abab

_
_ + _
_
test1 _
test1
test1
_
scala> val test3 = (str: String) => str + str
test3: (String) => java.lang.String = <function1>

scala> test3("ab")
res2: java.lang.String = abab

scala> val test4 = test3
test4: (String) => java.lang.String = <function1>

_
def
val
