scala> val xs = List(1, 2, 3, 3)
xs: List[Int] = List(1, 2, 3, 3)

scala> xs.toSet map(_*2)
<console>:9: error: missing parameter type for expanded function ((x$1) => x$1.$times(2))
       xs.toSet map(_*2)

xs.toSet
scala> xs.toSet
res42: scala.collection.immutable.Set[Int] = Set(1, 2, 3)

scala> res42 map (_*2)
res43: scala.collection.immutable.Set[Int] = Set(2, 4, 6)

Set
List
List
scala> Set(5, 6, 7)
res44: scala.collection.immutable.Set[Int] = Set(5, 6, 7)

scala> res44.toList map(_*2)
res45: List[Int] = List(10, 12, 14)

