scala> import scala.collection.mutable._

import scala.collection.mutable._

scala> import scala.collection.script._
import scala.collection.script._

scala> class MyMap extends HashMap[Int,Int] with ObservableMap[Int,Int,MyMap]
<console>:13: error: wrong number of type arguments for scala.collection.mutable.ObservableMap, should be 2
       class MyMap extends HashMap[Int,Int] with ObservableMap[Int,Int,MyMap]
                                                 ^

scala> class MyMap extends HashMap[Int,Int] with ObservableMap[Int,Int]
defined class MyMap

scala> val map = new MyMap
map: MyMap = Map()

scala> class MySub extends Subscriber[Message[(Int,Int)],MyMap] {
     | def notify(pub: MyMap, evt: Message[(Int,Int)]) { println(evt) }
     | }
defined class MySub

scala> val sub = new MySub
sub: MySub = MySub@49918c8f

scala> map.subscribe(sub)
<console>:18: error: type mismatch;
 found   : MySub
 required: map.Sub
       map.subscribe(sub)

