scala> implicitly[Int <:< AnyVal]
res0: <:<[Int,AnyVal] = <function1>

scala> class Foo
defined class Foo

scala> class Bar extends Foo
defined class Bar

scala> implicitly[Foo <:< Bar]
<console>:8: error: could not find implicit value for parameter e: <:<[Foo,Bar]
       implicitly[Foo <:< Bar]
                 ^

scala> implicitly[Bar <:< Foo]
res2: <:<[Bar,Foo] = <function1>

<:<
<:<
