scala> object Foo { val 1 = 2 }
defined module Foo

scala> Foo.1
<console>:1: error: ';' expected but double literal found.
       Foo.1

scala> object O { val 1 = 1; def x = 1 }
defined module O
scala> O.x
res1: Int = 1

scala> object O { val 1 = 2; def x = 1 }
defined module O
scala> O.x
scala.MatchError: 2
    at O$.<init>(<console>:5)
    at O$.<clinit>(<console>)
    at .<init>(<console>:7)
    at .<clinit>(<console>)
    at RequestResult$.<init>(<console>:9)

scalac -Xprint:typer
val 1 = 2
<synthetic> private[this] val x$1: Unit = (2: Int(2) @unchecked) match {
    case 1 => ()
}

x$1
