scala> class Container(val rows: Iterable[Iterable[Option[Any]]]) {} 
defined class Container

scala> val row1 = Array(Some("test"),Some(1234))
row1: Array[Some[Any]] = Array(Some(test), Some(1234))

scala> val row2 = Array(Some("test2"), Some(12345))
row2: Array[Some[Any]] = Array(Some(test2), Some(12345))

scala> val listtest = List(row1, row2)
listtest: List[Array[Some[Any]]] = List(Array(Some(test), Some(1234)), Array(Some(test2), Some(12345)))

scala> val test = new Container(listtest)
<console>:11: error: type mismatch;
 found   : List[Array[Some[Any]]]
 required: Iterable[Iterable[Option[Any]]]
       val test = new Container(listtest)
                                ^

scala> val test = new Container(List(row1,row2))
test: Container= Container@600a08

