def foo = {}

def foo() = {}

scala> def foo = {}
foo: Unit

scala> def baz() = {}
baz: ()Unit

scala> def test(arg: () => Unit) = { arg }
test: (arg: () => Unit)() => Unit

scala> test(foo)
<console>:10: error: type mismatch;
 found   : Unit
 required: () => Unit
              test(foo)
                   ^

scala> test(baz)
res1: () => Unit = <function0>

