case class Person(name: String)

scala> List(Person("Tom"), Person("Bob")).sorted

<console>:8: error: could not find implicit value for parameter ord: Ordering[Person]
   List(Person("Tom"), Person("Bob")).sorted

case class Person(name: String) extends Ordered[Person] {
  def compare(that: Person) = this.name compare that.name }

scala> List(Person("Tom"), Person("Bob")).sorted
res12: List[Person] = List(Person(Bob), Person(Tom))

scala> Person("Tom") > Person("Bob")
res15: Boolean = true

scala> List(Some(2), None, Some(1)).sorted

res13: List[Option[Int]] = List(None, Some(1), Some(2))

scala> Some(2) > Some(1)

<console>:6: error: value > is not a member of Some[Int]
       Some(2) > Some(1)

