foldLeft
apply
f
scala> val f = (i: Int, j: Int, k: Int, l: Int) => i+j+k+l
f: (Int, Int, Int, Int) => Int = <function4>

scala> f(1, 2, 3, 4)
res1: Int = 10

scala> f.curried
res2: Int => Int => Int => Int => Int = <function1>

scala> f.curried.apply(1).apply(2).apply(3).apply(4)
res3: Int = 10

foldLeft
apply
foldLeft
scala> List(1, 2, 3, 4).foldLeft(f.curried)({ (g, x) => g.apply(x) })

<console>:9: error: type mismatch;
 found   : Int => Int => Int => Int
 required: Int => Int => Int => Int => Int
              List(1, 2, 3, 4).foldLeft(f.curried)({ (g, x) => g.apply(x) })

g
g
List(1, 2, 3, 4).foldLeft(f.curried)({ (g: ANSWER, x) => g.apply(x) })

T1 => ... => Tn

(T1 => ... => Tn) |∨| ... |∨| (Tn-1 => Tn)

g
foldLeft
List
T1
Tn-1
(T1 =>)+ Tn

g
(T1 =>){1,4} Tn

Suffixes(T1 => ... => Tn)

ANSWER
