scala> implicit def transitive[A, B, C](implicit f: A => B, g: B => C): A => C = f andThen g
transitive: [A, B, C](implicit f: A => B, implicit g: B => C)A => C

scala> class Foo; class Bar; class Baz { def lol = println("lol") }
defined class Foo
defined class Bar
defined class Baz

scala> implicit def foo2Bar(f: Foo) = new Bar
foo2Bar: (f: Foo)Bar

scala> implicit def bar2Baz(f: Bar) = new Baz
bar2Baz: (f: Bar)Baz

scala> implicitly[Foo => Baz]
<console>:14: error: diverging implicit expansion for type Foo => Baz
starting with method transitive in object $iw
              implicitly[Foo => Baz]

