scala> trait T
defined trait T

scala> val t = new T
<console>:8: error: trait T is abstract; cannot be instantiated
       val t = new T
               ^

scala> val t = new T {}
t: java.lang.Object with T = $anon$1@78db81f3

scala> class C
defined class C

scala> val c = new C
c: C = C@170a6001

{}
new T
T
java.lang.Object
{}
scala> trait T2 { val s = "test" }
defined trait T2

scala> val t2 = new T2
<console>:8: error: trait T2 is abstract; cannot be instantiated
       val t2 = new T2
                ^

scala> val t2 = new T2 {}
t2: java.lang.Object with T2 = $anon$1@6a688d6f

scala> t2.s
res0: java.lang.String = test

scala> class C2 { val s = "test" }
defined class C2

scala> val c2 = new C2
c2: C2 = C2@73ea7821

scala> c2.s
res1: java.lang.String = test

abstract
scala> trait T3 { val s: String }
defined trait T3

scala> val t3 = new T3 { val s = "test" }
t3: java.lang.Object with T3 = $anon$1@1f2f0ce9

scala> abstract class C3 { val s: String }
defined class C3

scala> val c3 = new C3 { val s = "test" }
c3: C3 = $anon$1@207a8313

scala> val badt3 = new T3 {}
<console>:7: error: object creation impossible, since value s in trait T3 of type String is not defined
       val badt3 = new T3 {}

scala> class BadC3 { val s: String }
<console>:8: error: class BadC3 needs to be abstract, since value s is not defined
       class BadC3 { val s: String }

scala> val t4 = new T with T2
t4: java.lang.Object with T with T2 = $anon$1@479e0994

scala> val c4 = new C with C2
<console>:9: error: class C2 needs to be a trait to be mixed in
       val c4 = new C with C2

val t = new T

