scala> def x[T](a: T, b: T) = (a == b)
x: [T](a: T, b: T)Boolean
scala> def y[T](a: T)(b: T) = (a == b)
y: [T](a: T)(b: T)Boolean

x(1, "one")
y(1)("one")
scala> x(1, "one")
res71: Boolean = false
scala> y(1)("one")
<console>:9: error: type mismatch;
 found   : java.lang.String("one")
 required: Int
              y(1)("one")
                   ^

scala> x(1 :Int, "one" :String)
res73: Boolean = false

