import scala.util.parsing.json.JSON
val data = JSON.parseFull(Source.fromFile(path) mkString)

java.lang.OutOfMemoryError: GC overhead limit exceeded

scala> import scala.io.Source
import scala.io.Source

scala> val s = Source.fromFile("path/to/big.json")
s: scala.io.BufferedSource = non-empty iterator

scala> val data = parse(s mkString)
java.lang.OutOfMemoryError: GC overhead limit exceeded

user=> (use 'clojure.data.json)
nil
user=> (use 'clojure.java.io)
nil

user=> (time (def data (read-json (reader "path/to/big.json"))))
"Elapsed time: 19401.629685 msecs"
#'user/data

