abstract
trait
abstract
scala> abstract trait T
defined trait T

scala> new T{}
res0: java.lang.Object with T = $anon$1@12cd927d

abstract
scala> abstract trait T { def foo : Unit }
defined trait T

scala> new T{}
<console>:9: error: object creation impossible, since method foo in trait T of type =>    Unit is not defined
              new T{}
                  ^

scala> trait T { def foo : Unit }
defined trait T

scala> new T{}
<console>:9: error: object creation impossible, since method foo in trait T of type =>     Unit is not defined
              new T{}
                  ^

abstract
trait
