scala> 7 toString
res18: java.lang.String = 7

scala> 7.toString()
res19: java.lang.String = 7

scala> 7.toString
res20: java.lang.String = 7

scala> 7.toLong
res21: Long = 7 

scala> 7.toLong()
<console>:8: error: Long does not take parameters
              7.toLong()
                      ^

