[tim@user1 release]$ make  
...  
...  
g++ -pipe -W -Wall -fopenmp -ggdb3 -O2    -I/home/tim/program_files/ICMCluster/ann_1.1.1/include -I/home/tim/program_files/ICMCluster/libsvm-2.89  -I/home/tim/program_files/ICMCluster/svm_light  -o absurdity  xxxxxx.o  -L/home/tim/program_files/ICMCluster/ann_1.1.1/release/lib -L/home/tim/program_files/ICMCluster/libsvm-2.89/release/lib -L/home/tim/program_files/ICMCluster/svm_light/release/lib -lm -ljpeg -lpng -lz -lANN -lpthread -lsvm -lsvmlight  

[tim@user1 release]$ ./absurdity  
./absurdity: error while loading shared libraries: libsvmlight.so: cannot open shared object file: No such file or directory  

[tim@user1 release]$ ls /home/tim/program_files/ICMCluster/svm_light/release/lib/libsvmlight.so -l  
-rwxr-xr-x 1 tim Brown 121407 Jan 31 12:14 /home/tim/program_files/ICMCluster/svm_light/release/lib/libsvmlight.so 

[tim@user1 release]$ LD_LIBRARY_PATH= /home/tim/program_files/ICMCluster/svm_light/release/lib:$LD_LIBRARY_PAT    
[tim@user1 release]$ export LD_LIBRARY_PATH 

[tim@user1 release]$ ./absurdity  
./absurdity: error while loading shared libraries: libsvmlight.so: cannot open shared object file: No such file or directory  

[tim@user1 release]$ ls  /home/tim/program_files/ICMCluster/svm_light/release/lib  
libsvmlight.a  libsvmlight.so  

