(lldb) print json
(AnyObject?) $R4 = (instance_type = Builtin.RawPointer = 0x00007ff05c0c49d0 ->     0x0000000107ef32c8 (void *)0x0000000107ef32f0: __NSCFDictionary)
(lldb) po json
(instance_type = Builtin.RawPointer = 0x00007ff05c0c49d0 -> 0x0000000107ef32c8 (void  *)0x0000000107ef32f0: __NSCFDictionary)
 {
  instance_type = 0x00007ff05c0c49d0 -> 0x0000000107ef32c8 (void *)0x0000000107ef32f0:  __NSCFDictionary
}
(lldb) print json.description?
error: <EXPR>:1:1: error: 'Optional<AnyObject>' does not have a member named 'description'
json.description?
^    ~~~~~~~~~~~

(lldb) po json.description?
error: <EXPR>:1:1: error: 'Optional<AnyObject>' does not have a member named    'description'
json.description?
^    ~~~~~~~~~~~
(lldb) expression
Enter expressions, then terminate with an empty line to evaluate:
1 println(json)
2 
Optional({
    errors =     {
        "authorizations.provider_user_id" =         (
            "has already been taken"
        );
    };
})
(lldb) 

