disable.system.call <- function(...) {
    mc <- match.call()
    if (grepl('system', deparse(mc[[2]])))
        stop('NONO')
    eval(mc, env = .GlobalEnv)        
}

system
base
stats
system
e <- new.env()
eval(parse(text = 'model.frame <- disable.system.call'), envir = e)

system
> eval(parse(text = 'model.frame("1 ~ 1")'), envir = e)
  1
1 1
> eval(parse(text = 'model.frame(\'1 ~ system("ls -la")\')'), envir = e)
Error in model.frame("1 ~ system(\"ls -la\")") : NONO

lm
model.frame
> eval(parse(text = 'lm(\'1 ~ system("ls -la")\')'), envir = e)
Error in model.frame(formula = "1 ~ system(\"ls -la\")", drop.unused.levels = TRUE) : 
  NONO

disable.system.call
as.formula
model.frame
> e <- new.env()
> eval(parse(text = 'as.formula <- disable.system.call'), envir = e)
> eval(parse(text = 'as.formula("1 ~ 1")'), envir = e)
1 ~ 1
> eval(parse(text = 'as.formula(\'1 ~ system("ls -la")\')'), envir = e)
Error in as.formula("1 ~ system(\"ls -la\")") : NONO
> eval(parse(text = 'model.frame(\'1 ~ system("ls -la")\')'), envir = e)
  1 system("ls -la")
1 1                0
> eval(parse(text = 'lm(\'1 ~ system("ls -la")\')'), envir = e)

Call:
lm(formula = "1 ~ system(\"ls -la\")")

Coefficients:
     (Intercept)  system("ls -la")  
           1                NA  

model.frame
as.formula
model.frame
stats::as.formula
lm
model.frame
