x<- mydata[,-1]
y <- factor(CLICK_FLG)
ctrl<- rfeControl(functions = lmFuncs, method="cv", verbose = FALSE, 
                  returnResamp= "final")
lmprofile<- rfe(x,y, sizes = subsets, rfeControl = ctrl)

Error in { : task 1 failed - 
"contrasts can be applied only to factors with 2 or more levels"

mydata.logr<- glm(factor(CLICK_FLG) ~ ., data = mydata, 
                  family = binomial("logit"))

Error in `contrasts<-`(`*tmp*`, value = contr.funs[1 + isOF[nn]]) : 
  contrasts can be applied only to factors with 2 or more levels

    '$'
> class(x)
[1] "data.frame"

> class(y)
[1] "factor"

> str(mydata)  
    'data.frame':   50000 obs. of  273 variables:


    $ CLICK_FLG                    : Factor w/ 2 levels "N","Y": 1 1 1 1 1 1 1 1 1
    $ OPEN_FLG                     : Factor w/ 2 levels "N","Y": 1 1 1 1 1 1 1 1 1 1 ...
    $ ADDR_VER_CD                  : Factor w/ 4 levels "","M","N","Y": 1 1 1 1 1 1 1 1 1 1 ...
    $ AQI                          : Factor w/ 6 levels "","E","G","M",..: 2 2 22 2 2 2 2 2 2 ...
    $ ASIAN_CD                     : Factor w/ 6 levels "5","A","J","K",..: NA NA NA NA NA NA ...

    $ AUTO_IN_MARKET               : int  9 3 2 9 2 8 9 9 5 2 ...
    $ BIRD_QTY                     : int  0 NA 0 NA NA 0 0 0 0 0 ...
    $ BUYER_DM_BOOKS               : Factor w/ 13 levels "","0","1","2",..: 3 3 4 4 2 3 3 4 4 ...
    $ BUYER_DM_COLLECT_SPC_FOOD    : Factor w/ 9 levels "","0","1","2",..: 2 2 2 2 2 2 2 3 2 ...

> summary(y)
N     Y 
47021  2979 

> summary(CLICK_FLG)
N     Y 
47021  2979     > summary(mydata$CLICK_FLG)
N     Y 
47021  2979 

