ggplot
afl.df=read.csv("afl_2003_2007.csv")
setwd
> afl.df=read.csv("afl_2003_2007.csv")
Error in file(file, "rt") : cannot open the connection
In addition: Warning message:
In file(file, "rt") :
  cannot open file 'afl_2003_2007.csv': No such file or directory
> afl.df=read.csv("\\the-lab.llnl.gov\llnlusers1\lopez235\Data\Documents\Dashboards,HRBI, Visulizations and Analytics\Math and Statistics and Predictive Modeling1\R Programming\afl_2003_2007.csv")
Error: '\l' is an unrecognized escape in character string starting "\\the-lab.llnl.gov\l"
> afl.df=read.csv("C:\Users\lopez235\Local-NOTBackedUp\R Files Local\afl_2003_2007.csv")
Error: '\U' used without hex digits in character string starting "C:\U"
> setwd("\\the-lab.llnl.gov\llnlusers1\lopez235\Data\Documents\Dashboards,HRBI, Visulizations and Analytics\Math and Statistics and Predictive Modeling1\R Programming\afl_2003_2007.csv")
Error: '\l' is an unrecognized escape in character string starting "\\the-lab.llnl.gov\l"
> setwd("\\the-lab.llnl.gov\llnlusers1\lopez235\Data\Documents\Dashboards,HRBI, Visulizations and Analytics\Math and Statistics and Predictive Modeling1\R Programming")
Error: '\l' is an unrecognized escape in character string starting "\\the-lab.llnl.gov\l"
> setwd("C:\Users\lopez235\Local-NOTBackedUp\R Files Local")
Error: '\U' used without hex digits in character string starting "C:\U"

