> apply(Y, 1, function(Y) mean(Y[Y>0])) #calculate the average per rows (respondents) without considering the negative values

> Y.reg<- c(apply(Y, 1, function(Y) mean(Y[Y>0]))) #create the vector Y, thus it results like 1 variable with 37 numbers

> apply(X, 1, function(X) mean(X[X>0]))

> X.reg<- c(apply(X, 1, function(X) mean(X[X>0]))) #create the vector X, thus it results like 1 variable with 37 numbers

> reg1<- lm(Y.reg~ X.reg) #make the first regression
> summary(reg1) #see the results
Call:
lm(formula = Y.reg ~ X.reg)

Residuals:
     Min         1Q       Median      3Q       Max 
-2.26183 -0.49434 -0.02658  0.37260  2.08899 

Coefficients:
               Estimate  Std. Error   t value   Pr(>|t|)    
(Intercept)     4.2577     0.4986     8.539    4.46e-10 ***
 X.reg          0.1008     0.1282     0.786    0.437    
---
Signif. codes:  0 ‘***’ 0.001 ‘**’ 0.01 ‘*’ 0.05 ‘.’ 0.1 ‘ ’ 1 

Residual standard error: 0.7827 on 35 degrees of freedom
Multiple R-squared: 0.01736,    Adjusted R-squared: -0.01072 
F-statistic: 0.6182 on 1 and 35 DF,  p-value: 0.437 

> Ymatrix<- as.matrix(Y)
> Xmatrix<- as.matrix(X) #where both this Y and X are in their first form, thus composed by more variables (4 and 6) and with negative values as well.

> Errore in UseMethod("anova") : 
  no applicable method for 'anova' applied to an object of class "c('matrix', 'integer', 'numeric')"

