> x <- c(5, 6, 7)
> x[1] <- 10
> x
[1] 10 6 7
>

> c(4, 5, 6)[1] <- 10
Error in c(4, 5, 6)[1] <- 10 :
  target of assignment expands to non-language object
>

> f <- function() c(4, 5, 6)
> f()[1] <- 10
Error in f()[1] <- 10 : invalid (NULL) left side of assignment
>

