fun<-function(){
+   x<-c(1,2,3,4,5)
+   y<-c(1,2,3,4,5)
+   LR<-lm(x~y)
+   
+   return(plot(x,y))
+ }
> fun()

> fun<-function(){
+   x<-c(1,2,3,4,5)
+   y<-c(1,2,3,4,5)
+   LR<-lm(x~y)
+   p<-plot(x,y)
+   a<-abline(LR)
+   return(p)
+ }
> fun()
NULL

> fun<-function(){
+   x<-c(1,2,3,4,5)
+   y<-c(1,2,3,4,5)
+   
+   LR<-lm(x~y)
+   
+   p<-plot(x,y)
+   a<-abline(LR)
+   
+   return(p,a)
+ }
> fun()
Error in return(p, a) : multi-argument returns are not permitted

> fun<-function(){
+   x<-c(1,2,3,4,5)
+   y<-c(1,2,3,4,5)
+   
+   LR<-lm(x~y)
+   
+   p<-plot(x,y)
+   a<-abline(LR)
+   
+   return(list(p,a))
+ }
> fun()
[[1]]
NULL

[[2]]
NULL

