NA
NULL
undefined columns
> example(data.frame)
# output omitted
> head(d, 1)
  x y fac
1 1 1   A
> head(d['x'], 1)
  x
1 1

# Works when accessing column using $
> head(d$z, 1)
NULL
# Not satisfactory
> head(d['z'], 1)
Error in `[.data.frame`(d, "z") : undefined columns selected
> head(d[colnames(d) == 'z'], 1)
data frame with 0 columns and 1 rows

> safe.index <- function(df, n)
     if (any(n %in% colnames(df))) df[n] else rep(NA, nrow(df))
> head(safe.index(d, 'z'), 1)
[1] NA

