> memory <- setRefClass(
+   Class = "memory",
+   fields = list(state="vector"),
+   methods = list(
+     get = function() { return(state) },
+     set = function(x) { state <<- x }
+   )
+ )$new()

> memory$set(123)

> print(memory)
Reference class object of class "memory"
Field "state":
[1] 123

> memory$get()
[1] 123

> print(memory)
Reference class object of class "memory"
Field "state":
Error in methods::show(field(fi)) : 
  error in evaluating the argument 'object' in selecting a method for function 'show': Error in get(name, envir = .self) : 
  unused argument(s) (name, envir = .self)

