> ## a list composed of numeric elements 
> x <- as.list(-2:2)
> ## turn one of the elements into characters
> x[[2]] <- "what?!?"
> 
> ## using sapply
> sapply(x, function(x) 1/x)
Error in 1/x : non-numeric argument to binary operator

> y <- rep(NA, length(x))
> for (i in 1:length(x)) {
+     y[i] <-  1/x[[i]]
+ }
Error in 1/x[[i]] : non-numeric argument to binary operator

> i
[1] 2

