kernlab
matrix
> km
         [,1]     [,2]
[1,] 14.33333 18.47368
[2,] 18.47368 38.96053

kernlab
ksvm
# y are my classes. In this case, A is in class "1" and B is in class "-1"
> y
[1]  1 -1

> model2 =  ksvm(km, y, type="C-svc", kernel = "matrix");
> model2
Support Vector Machine object of class "ksvm" 

SV type: C-svc  (classification) 
 parameter : cost C = 1 

[1] " Kernel matrix used as input."

Number of Support Vectors : 2 

Objective Function Value : -0.1224 
Training error : 0 

> A
     [,1] [,2] [,3]
[1,]    0    1    1
[2,]    1    0    1
[3,]    0    0    0

> predict(model2, A)
Error in as.matrix(Z) : object 'Z' not found

> predict(model2, c(1))
Error in as.matrix(Z) : object 'Z' not found
> predict(model2, c(1,1))
Error in as.matrix(Z) : object 'Z' not found
> predict(model2, c(1,1,1))
Error in as.matrix(Z) : object 'Z' not found
> predict(model2, c(1,1,1,1))
Error in as.matrix(Z) : object 'Z' not found
> predict(model2, km)
Error in as.matrix(Z) : object 'Z' not found

