lm
lm
> str<-summary(rdnM)$call
> str
lm(formula = y ~ x1, data = rdndat)
> str[1]
lm()
> str[2]
y ~ x1()
> str[3]
rdndat()
> str[3] <- data
Warning message:
In str[3] <- data :
  number of items to replace is not a multiple of replacement length
> str
lm(formula = y ~ x1, data = c(10, 20, 30, 40))
> str<-summary(rdnM)$call
> str
lm(formula = y ~ x1, data = rdndat)
> str[3] <- 'data'
> str
lm(formula = y ~ x1, data = "data")
> str<-summary(rdnM)$call
> type str
Error: unexpected symbol in "type str"
> 

