stats::reorder
Hmisc::reorder
Hmisc
> with(InsectSprays, reorder(spray, count, median))
 [1] A A A A A A A A A A A A B B B B B B B B B B B B C C C C C C C C C C C C D D
[39] D D D D D D D D D D E E E E E E E E E E E E F F F F F F F F F F F F
attr(,"scores")
   A    B    C    D    E    F 
14.0 16.5  1.5  5.0  3.0 15.0 
Levels: C E D A F B

Hmisc
> library(Hmisc)
Loading required package: survival
Loading required package: splines

Attaching package: 'Hmisc'

The following object(s) are masked from 'package:survival':

    untangle.specials

The following object(s) are masked from 'package:base':

    format.pval, round.POSIXt, trunc.POSIXt, units

> with(InsectSprays, reorder(spray, count, median))
 [1] A A A A A A A A A A A A B B B B B B B B B B B B C C C C C C C C C C C C D D
[39] D D D D D D D D D D E E E E E E E E E E E E F F F F F F F F F F F F
Levels: C < E < D < A < F < B

stats::reorder
> with(InsectSprays, stats::reorder(spray, count, median))
 [1] A A A A A A A A A A A A B B B B B B B B B B B B C C C C C C C C C C C C D D
[39] D D D D D D D D D D E E E E E E E E E E E E F F F F F F F F F F F F
Levels: C < E < D < A < F < B

stats::reorder
> with(InsectSprays, stats::reorder(spray, count, median, order = FALSE))
Error in FUN(X[[1L]], ...) : unused argument(s) (order = FALSE)

