> rawToChar(serialize("blah", NULL, ascii=T))
[1] "A\n2\n133888\n131840\n16\n1\n9\n4\nblah\n"

> serialize("blah", NULL, ascii=T)
 [1] 41 0a 32 0a 31 33 33 38 38 38 0a 31 33 31 38 34 30 0a 31 36 0a 31 0a 39 0a
[26] 34 0a 62 6c 61 68 0a

> ser <- serialize("blah", NULL, ascii=T)
> ser2 <- paste(ser, collapse="")
> ser2
[1] "410a320a3133333838380a3133313834300a31360a310a390a340a626c61680a"

> r <- raw(1)
> r[1] <- 41
Error in r[1] <- 41 : 
  incompatible types (from double to raw) in subassignment type fix
> r[1] <- as.raw(41)
> r[1]
[1] 29 

