> library(doBy)
>
> test.data = data.frame(
+  herp = c(1,2,3,4,5),
+  derp = c(2,3,1,3,5)
+ )
>
> transformData = function(data){
+ 
+  five = 5
+ 
+  transformBy(
+   ~ herp,
+   data=data,
+   sum=herp + derp + five
+  )
+ }
>
> transformData(test.data)
Error in eval(expr, envir, enclos) : object 'five' not found

> library(doBy)
>
> test.data = data.frame(
+  herp = c(1,2,3,4,5),
+  derp = c(2,3,1,3,5)
+ )
>
> five = 5
>
> transformData = function(data){
+  transformBy(
+   ~ herp,
+   data=data,
+   sum=herp + derp + five
+  )
+ }
>
> transformData(test.data)
  herp derp sum
1    1    2   8
2    2    3  10
3    3    1   9
4    4    3  12
5    5    5  15

