     tradesList[c(1:5,10:15),c(1,7)]
   Instrument TradeResult.Currency.
1         JPM                    -3
2         JPM                   264
3         JPM                   284
4         JPM                    69
5         JPM                   283
10        JPM                  -294
11        KFT                    -8
12        KFT                   -48
13        KFT                   125
14        KFT                  -150
15        KFT                  -206

> tapply(tradesList$TradeResult.Currency., tradesList$Instrument, mean)
 JPM  KFT 
42.3 14.6 

> length(which(tradesList$TradeResult.Currency. > 0)) / length(tradesList$TradeResult.Currency.) * 100
[1] 50
> tapply(tradesList$TradeResult.Currency., tradesList$Instrument, (length(which(tradesList$TradeResult.Currency. > 0)) / length(tradesList$TradeResult.Currency.) * 100))
Error in match.fun(FUN) : 
  c("'(length(which(tradesList$TradeResult.Currency. > 0))/length(tradesList$TradeResult.Currency.) * ' is not a function, character or symbol", "'    100)' is not a function, character or symbol")
> 

> tmpData <- tradesList[c(1:5,10:15),c(1,7)]
> tmpData
   Instrument TradeResult.Currency.
1         JPM                    -3
2         JPM                   264
3         JPM                   284
4         JPM                    69
5         JPM                   283
10        JPM                  -294
11        KFT                    -8
12        KFT                   -48
13        KFT                   125
14        KFT                  -150
15        KFT                  -206
> 100*    # to get percentages
+ with( tmpData, 
+ tapply( (TradeResult.Currency. > 0) , Instrument, sum)/   # number GT 0
+        tapply( TradeResult.Currency., Instrument, length) ) # total number
     JPM      KFT 
66.66667 20.00000 
> 100 * tapply(tmpData$TradeResult.Currency. > 0, tmpData$Instrument, mean)
     JPM      KFT 
66.66667 20.00000 
> pcentFun <- function(x) {
+     res <- x > 0
+     100 * (sum(res) / length(res))
+ }
> 
> with(tmpData, tapply(TradeResult.Currency., Instrument, pcentFun))
     JPM      KFT 
66.66667 20.00000

