> myf<-function(){list(c(1,2),c(3,4),c(5,6))}
> out=replicate(4, myf())
> out[3,][[]][2]
Error in out[3, ][[]] : invalid subscript type 'symbol'
> out[3,]
[[1]]
[1] 5 6

[[2]]
[1] 5 6

[[3]]
[1] 5 6

[[4]]
[1] 5 6
> out[3,][[1]][2]
[1] 6
> out[3,][[2]][2]
[1] 6
> out[3,][[4]][2]
[1] 6
> out[3,][[3]][2]
[1] 6

