> sessionInfo()
R version 2.12.1 (2010-12-16)
Platform: x86_64-unknown-linux-gnu (64-bit)

locale:
[1] C

attached base packages:
[1] stats     graphics  grDevices utils     datasets  methods   base

> CairoPDF()
Error: could not find function "CairoPDF"

> cairo_pdf()
> 

> CairoPNG()
Error: could not find function "CairoPNG"
> cairo_PNG()
Error: could not find function "cairo_PNG"
> cairo_png()
Error: could not find function "cairo_png"

