x <- read.table(textConnection(
+ ' models cores  time 
+ aa c1 xxx|yyy 
+ aa c2 xxx|zzz 
+ aa c3 www 
+ aa c4 xxx|vvv 
+ bb c1 vvv|www 
+ bb c2 www|qqq 
+ bb c3 xxx|uuu 
+ bb c4 uuu' ), header=TRUE)

> str(x)
'data.frame':   8 obs. of  3 variables:
 $ models: Factor w/ 2 levels "aa","bb": 1 1 1 1 2 2 2 2
 $ cores : Factor w/ 4 levels "c1","c2","c3",..: 1 2 3 4 1 2 3 4
 $ time  : Factor w/ 8 levels "uuu","vvv|www",..: 7 8 3 6 2 4 5 1

> write.csv(x, file="x.csv")
> y <- read.csv(file="x.csv",header=TRUE,stringsAsFactors=FALSE)
> str(y)

'data.frame':   8 obs. of  4 variables:
 $ X     : int  1 2 3 4 5 6 7 8
 $ models: chr  "aa" "aa" "aa" "aa" ...
 $ cores : chr  "c1" "c2" "c3" "c4" ...
 $ time  : chr  "xxx|yyy" "xxx|zzz" "www" "xxx|vvv" ...
Warning messages:
1: closing unused connection 4 (" models cores  time \naa c1 xxx|yyy \naa c2 xxx|zzz \naa c3 www \naa c4 xxx|vvv \nbb c1 vvv|www \nbb c2 www|qqq \nbb c3 xxx|uuu \nbb c4 uuu") 
2: closing unused connection 3 (" models cores  time \n4 1 0.000365 \n4 2 0.000259 \n4 3 0.000239 \n4 4 0.000220 \n8 1 0.000259 \n8 2 0.000249 \n8 3 0.000251 \n8 4 0.000258") 

> df2 <- as.data.frame(
+ t(
+ do.call(cbind,
+ lapply(1:nrow(y),function(x){
+ sapply(unlist(strsplit(y[x,4],"\\|")),c,y[x,2:3],USE.NAMES=FALSE)
+ })     )   ) )
> str(df2)

> df2
    V1 models cores
1  xxx     aa    c1
2  yyy     aa    c1
3  xxx     aa    c2
4  zzz     aa    c2
5  www     aa    c3
6  xxx     aa    c4
7  vvv     aa    c4
8  vvv     bb    c1
9  www     bb    c1
10 www     bb    c2
11 qqq     bb    c2
12 xxx     bb    c3
13 uuu     bb    c3
14 uuu     bb    c4

'data.frame':   14 obs. of  3 variables:
 $ V1    :List of 14
  ..$ : chr "xxx"...
$ models:List of 14
  ..$ : chr "aa"
  ..$ : chr "aa"
$ models:List of 14
  ..$ : chr "aa"
  ..$ : chr "aa"

> write.csv(df2, file="df2.csv")
Error in write.table(x, file, nrow(x), p, rnames, sep, eol, na, dec, as.integer(quote),  : 
  unimplemented type 'list' in 'EncodeElement'

