RSRuby
$ sudo gem install rsruby -- --with-R-dir=/usr/lib/R
Building native extensions.  This could take a while...
ERROR:  Error installing rsruby:
    ERROR: Failed to build gem native extension.

/usr/bin/ruby1.8 extconf.rb --with-R-dir=/usr/lib/R
checking for main() in -lR... yes
checking for R.h... no

ERROR: Cannot find the R header, aborting.


Gem files will remain installed in /var/lib/gems/1.8/gems/rsruby-0.5.1.1 for inspection.
Results logged to /var/lib/gems/1.8/gems/rsruby-0.5.1.1/ext/gem_make.out

apt-get
$ sudo gem install rsruby --include-dependencies -- --with-R-dir=/usr/lib/R/lib64/R --with-R-lib=/usr/lib/R/lib64/R/bin --with-R-include=/usr/lib/R/lib64/R/include
INFO:  `gem install -y` is now default and will be removed
INFO:  use --ignore-dependencies to install only the gems you list
Building native extensions.  This could take a while...
ERROR:  Error installing rsruby:
    ERROR: Failed to build gem native extension.

/usr/bin/ruby1.8 extconf.rb --with-R-dir=/usr/lib/R/lib64/R --with-R-lib=/usr/lib/R/lib64/R/bin --with-R-include=/usr/lib/R/lib64/R/include
checking for main() in -lR... no

ERROR: Cannot find the R library, aborting.


Gem files will remain installed in /var/lib/gems/1.8/gems/rsruby-0.5.1.1 for inspection.
Results logged to /var/lib/gems/1.8/gems/rsruby-0.5.1.1/ext/gem_make.out

RSRuby
$ ruby setup.rb config -- --with-R-dir=/usr/lib/R
---> lib
---> lib/rsruby
<--- lib/rsruby
<--- lib
---> ext
/usr/bin/ruby1.8 /home/mars/R/rsruby/ext/extconf.rb --with-R-dir=/usr/lib/R
checking for main() in -lR... yes
checking for R.h... no

ERROR: Cannot find the R header, aborting.
*** /home/mars/R/rsruby/ext/extconf.rb failed ***
Could not create Makefile due to some reason, probably lack of
necessary libraries and/or headers.  Check the mkmf.log file for more
details.  You may need configuration options.

Provided configuration options:
    --with-opt-dir
    --without-opt-dir
    --with-opt-include
    --without-opt-include=${opt-dir}/include
    --with-opt-lib
    --without-opt-lib=${opt-dir}/lib
    --with-make-prog
    --without-make-prog
    --srcdir=/home/mars/R/rsruby/ext
    --curdir
    --ruby=/usr/bin/ruby1.8
    --with-R-dir
    --with-R-include
    --without-R-include=${R-dir}/include
    --with-R-lib
    --without-R-lib=${R-dir}/lib
    --with-Rlib
    --without-Rlib
setup.rb:655:in `command': system("/usr/bin/ruby1.8" "/home/mars/R/rsruby/ext/extconf.rb" "--with-R-dir=/usr/lib/R") failed (RuntimeError)
    from setup.rb:660:in `ruby'
    from setup.rb:1238:in `extconf'
    from setup.rb:1230:in `config_dir_ext'
    from setup.rb:1532:in `__send__'
    from setup.rb:1532:in `traverse'
    from setup.rb:1549:in `dive_into'
    from setup.rb:1530:in `traverse'
    from setup.rb:1524:in `exec_task_traverse'
    from setup.rb:1519:in `each'
    from setup.rb:1519:in `exec_task_traverse'
    from setup.rb:1223:in `exec_config'
    from setup.rb:991:in `exec_config'
    from setup.rb:826:in `__send__'
    from setup.rb:826:in `invoke'
    from setup.rb:773:in `invoke'
    from setup.rb:1578

irb
irb(main):002:0> require 'RSRuby'
LoadError: no such file to load -- RSRuby
    from (irb):2:in `require'
    from (irb):2
    from :0
irb(main):003:0> rsruby
NameError: undefined local variable or method `rsruby' for main:Object
    from (irb):3
    from :0

rsruby
irb
$ sudo gem install rsruby --include-dependencies -- --with-R-dir=/usr/lib/R --with-R-lib=/usr/lib/R --with-R-include=/usr/share/R/include/
INFO:  `gem install -y` is now default and will be removed
INFO:  use --ignore-dependencies to install only the gems you list
Building native extensions.  This could take a while...
Successfully installed rsruby-0.5.1.1
1 gem installed
Installing ri documentation for rsruby-0.5.1.1...
Installing RDoc documentation for rsruby-0.5.1.1...

$ irb
irb(main):001:0> require 'rsruby'
LoadError: no such file to load -- rsruby
    from (irb):1:in `require'
    from (irb):1
    from :0

sudo apt-get install ruby1.8-dev
ruby1.9
R
