> ll <- list(a=1, b=2)
> ee <- as.environment(ll)
> ee
<environment: 0x0000000004d35810>
> ls(ee)
[1] "a" "b"
> with(ee, a)
[1] 1
> with(ee, a - b)
Error in eval(expr, envir, enclos) : could not find function "-"
> 

