> #Set internet
> Setinternet2=TRUE
> 
> #Loading Libraries
> library(XML)
> library(tm)
> library(RCurl)
> 
> #URL
> URL="http://stats.espncricinfo.com/ci/engine/records/batting/most_runs_career.html?class=1;id=2010;type=year"
> 
> #HTML parsing
> List=htmlParse(URL)
Error in htmlParse(URL) : 
  error in creating parser for http://stats.espncricinfo.com/ci/engine/records/batting/most_runs_career.html?class=1;id=2010;type=year
> 

