México
Latex
M\'{e}xico
> grep("México",temp$dest_nom_ent)
integer(0)
> grep("Mexico",temp$dest_nom_ent)
integer(0)
> grep("xico",temp$dest_nom_ent)
[1] 18 19 20
> temp$dest_nom_ent[grep("xico",temp$dest_nom_ent)]
[2] "México" "México" "México"

temp$dest_nom_ent
R
> Encoding(temp$dest_nom_ent)
 [1] "unknown" "unknown" "unknown" "unknown" "unknown" "unknown" "unknown"
 [8] "unknown" "unknown" "unknown" "unknown" "unknown" "unknown" "unknown"
[15] "unknown" "unknown" "unknown" "unknown" "unknown" "unknown" "unknown"
[22] "unknown" "unknown" "unknown" "unknown" "unknown" "unknown" "unknown"
[29] "unknown" "unknown" "unknown" "unknown" "unknown" "unknown" "unknown"
[36] "unknown" "unknown" "unknown" "unknown" "unknown" "unknown" "unknown"
[43] "unknown" "unknown"

> charToRaw(temp$dest_nom_ent[18])
[1] 4d e9 78 69 63 6f

M=4d
é=e9
x=78
i=69
c=63
o=6f

> charToRaw("México")
[1] 4d c3 a9 78 69 63 6f
> Encoding("México")
[1] "latin1"

grep("é",temp$dest_nom_ent)
Encoding(temp$dest_nom_ent)<-"latin1"
temp$dest_nom_ent <- iconv(temp$dest_nom_ent,"","latin1")
temp$dest_nom_ent  <- enc2utf8(temp$dest_nom_ent)
...

iconvlist()
"WINDOWS-1252"
> temp1 <- temp$dest_nom_ent[grep("xico",temp$dest_nom_ent)]
> temp1
[1] "México" "México" "México"
> Encoding(temp1)<-"WINDOWS-1252"
> temp1 <- iconv(temp1,"WINDOWS-1252","latin1")
> temp1
[1] "México" "México" "México"
> Encoding(temp1)
[1] "latin1" "latin1" "latin1"
> charToRaw(temp1[1])
[1] 4d e9 78 69 63 6f
> grep("é",temp1)
integer(0)

> temp2 <- c("México","México","México")
> temp2
[1] "México" "México" "México"
> Encoding(temp2)
[1] "latin1" "latin1" "latin1"
> charToRaw(temp2[1])
[1] 4d c3 a9 78 69 63 6f
> grep("é",temp2)
[1] 1 2 3)

try(for(i in 1:length(iconvlist())){
    temp1 <- temp$dest_nom_ent[grep("xico",temp$dest_nom_ent)]
    Encoding(temp1)<-iconvlist()[i]
    temp1 <- iconv(temp1,iconvlist()[i],"latin1")
    print(grep("é",temp1))
    print(i)
        },silent=FALSE)

try
...
[1] 17
integer(0)
[1] 18
integer(0)
[1] 19
integer(0)
[1] 20
Error in iconv(temp1, iconvlist()[i], "latin1") : 
  unsupported conversion from 'CP-GR' to 'latin1' in codepage 1252

> Sys.getlocale()
[1] "LC_COLLATE=English_United States.1252;LC_CTYPE=English_United States.1252;LC_MONETARY=English_United States.1252;LC_NUMERIC=C;LC_TIME=English_United States.1252"
> d<-c("México","México")
> for(i in 1:7){d1 <- str_sub(d[1],i,i); print(d1)}
[1] "M"
[1] "Ã"
[1] "©
[1] "x"
[1] "i"
[1] "c"
[1] "o"
> print(grep("é",d))
[1] 1 2

d<-c("México","México")
Control Panel > Clock, Language and Region > Region and Language > Keyboards and Languages > Change Keyboards
installed services
advanced key settings
Shit+Alt
ñ
Shift+Alt
;
Shift+Alt
