weekdays(dat)
hist()
hist()
> dotw <- with( month.day.year(dat[,1]), day.of.week(month,day,year) )
> hist(xxx,labels=c('M','Tu','W','Th','F','Sa','Su'),col='black') # WTF?!
> hist(dotw,xlab=list('M','Tu','W','Th','F','Sa','Su'))

> dat
  [1] "2010-04-02" "2010-04-06" "2010-04-09" "2010-04-10" "2010-04-14" "2010-04-15" "2010-04-19"
  [8] "2010-04-21" "2010-04-22" "2010-04-23" "2010-04-26" "2010-04-28" "2010-04-29" "2010-04-30"
 ...

> str(dat)
 Date[1:146], format: "2010-04-02" "2010-04-06" "2010-04-09" "2010-04-10" "2010-04-14" "2010-04-15" ...

> str(weekdays(dat))
 chr [1:146] "Friday" "Tuesday" "Friday" "Saturday" "Wednesday" "Thursday" "Monday" ...
> hist(weekdays(dat))
Error in hist.default(weekdays(dat)) : 'x' must be numeric

