> x <-  data.frame(cbind(1,1:10))
> apply(x,2,sum)
X1 X2
10 55
> apply(x,c('X2'),sum)
Error in apply(x, c("X2"), sum) : 'X' must have named dimnames
> dimnames(x)
[[1]]
 [1] "1"  "2"  "3"  "4"  "5"  "6"  "7"  "8"  "9"  "10"

[[2]]
[1] "X1" "X2"
> names(x)
[1] "X1" "X2"
> names(dimnames(x))
NULL

