checkTrue
funcName
> funcName <- "double.threshold"
> test(get(funcName)) <- function() checkTrue(TRUE)
Error in test(get(funcName)) <- function() checkTrue(TRUE) : 
  could not find function "get<-"
>

> test(get("double.threshold")) <- function() checkTrue(TRUE)
Error in test(get("double.threshold")) <- function() checkTrue(TRUE) : 
  target of assignment expands to non-language object
>

> f <- get(funcName)
> test(f) <- function() checkTrue(TRUE)
> 

