zoo
> ## univariate plotting
> x <- zoo(rnorm(5), x.Date)
Error: could not find function "zoo"
> utils:::menuInstallPkgs()
trying URL 'http://lib.stat.cmu.edu/R/CRAN/bin/windows/contrib/2.13/zoo_1.7-5.zip'
Content type 'application/zip' length 1387309 bytes (1.3 Mb)
opened URL
downloaded 1.3 Mb

package 'zoo' successfully unpacked and MD5 sums checked

The downloaded packages are in
        C:\Users\backupSam\AppData\Local\Temp\RtmpitXEFu\downloaded_packages
> local({pkg <- select.list(sort(.packages(all.available = TRUE)),graphics=TRUE)
+ if(nchar(pkg)) library(pkg, character.only=TRUE)})
Error in get(Info[i, 1], envir = env) : 
  internal error -3 in R_decompress1
Error: package/namespace load failed for 'zoo'

> install.packages("zoo") 
Installing package(s) into ‘C:/Users/backupSam/Documents/R/win-library/2.13’
(as ‘lib’ is unspecified)
trying URL 'http://lib.stat.cmu.edu/R/CRAN/bin/windows/contrib/2.13/zoo_1.7-5.zip'
Content type 'application/zip' length 1387309 bytes (1.3 Mb)
opened URL
downloaded 1.3 Mb

package 'zoo' successfully unpacked and MD5 sums checked

The downloaded packages are in
        C:\Users\backupSam\AppData\Local\Temp\RtmpitXEFu\downloaded_packages
> require(zoo)
Loading required package: zoo
Error in get(Info[i, 1], envir = env) : 
  internal error -3 in R_decompress1
> library(zoo)
Error in get(Info[i, 1], envir = env) : 
  internal error -3 in R_decompress1
Error: package/namespace load failed for 'zoo'

