> classifier<-naiveBayes(iris[,1:4], iris[,5]) 
> table(predict(classifier, iris[,-5]), iris[,5])

> str(data1)
'data.frame':   1370 obs. of  4 variables:
 $ TenScore     : num  85 84.2 67.2 91.5 79.3 ...
 $ TwelthScore  : num  69 87.9 67.5 82.7 72.4 ...
 $ GDegreeScore : num  63.3 70.7 61.3 78.2 62.1 ...
 $ Got_Admission: chr  "No" "No" "No" "No" ...

> classifier<-naiveBayes(data1[,1:3], data1[,4]) 
> table(predict(classifier, data1[,-4]), data1[,4])
Error in table(predict(classifier, data1[, -4]), data1[, 4]) : 
  all arguments must have the same length

> predict(classifier, data1[,-4])
factor(0)
Levels:

str(data1) 'data.frame': 1370 obs. of 4 variables: 
$ TenScore : num 85 84.2 67.2 91.5 79.3 ... 
$ TwelthScore : num 69 87.9 67.5 82.7 72.4 ... 
$ GDegreeScore : num 63.3 70.7 61.3 78.2 62.1 ... 
$ Got_Admission: chr "No" "No" "No" "No" ...

