require(RCurl)
NYSdemo <- getURL("https://reportcards.nysed.gov/zip/SRC2010.zip")
temp <- tempfile()
download.file(NYSdemo, temp)
data <- read.table(unz(temp, "a1.dat"))
unlink(temp)

> NYSdemo <- getURL("https://reportcards.nysed.gov/zip/SRC2010.zip")
Error in function (type, msg, asError = TRUE)  : 
  SSL certificate problem, verify that the CA cert is OK. Details:
error:14090086:SSL routines:SSL3_GET_SERVER_CERTIFICATE:certificate verify failed

> NYSdemo <- getURL("https://reportcards.nysed.gov/zip/SRC2010.zip",
+ ssl.verifypeer = FALSE)
Error in curlPerform(curl = curl, .opts = opts, .encoding = .encoding) : 
  embedded nul in string: 'PK\003\004\024\0\0\0\b\0i[j>¶U#]tó\036\005\0 ÷- {And it continues}
> 

> NYSdemo <- getURL("http://reportcards.nysed.gov/zip/SRC2010.zip")
> download.file(NYSdemo, temp)
Error in download.file(NYSdemo, temp) : unsupported URL scheme
> 
> NYSdemo <- getBinaryURL("https://reportcards.nysed.gov/zip/SRC2010.zip")
Error in function (type, msg, asError = TRUE)  : 
  SSL certificate problem, verify that the CA cert is OK. Details:
error:14090086:SSL routines:SSL3_GET_SERVER_CERTIFICATE:certificate verify failed
> 
> url.exists("https://reportcards.nysed.gov/zip/SRC2010.zip")
[1] FALSE   #not sure why this is because it works to type into url bar of browser

