dagr <- dag(c("me","ve"),c("me","al"),c("ve","al"),c("al","an"),c("al","st"),c("an","st"))

> plot(dag(c("A", "B"), c("B", "C")))

> mylist <- list();
> mylist[1] <- list(c("A", "B"))
> mylist[2] <- list(c("B", "C"))
> mylist
[[1]]
[1] "A" "B"

[[2]]
[1] "B" "C"

> plot(dag(mylist))
Error in plot(dag(mylist)) : 
  error in evaluating the argument 'x' in selecting a method for function 'plot': Error in .ftM2other(ft, W, V, edgemode, "graphNEL") : 
  Node names in 'ft' must be contained in 'V'.

