__repr__
__str__
>>> t2 = u'\u0131\u015f\u0131k'
>>> print t2
ışık
>>> t2
Out[0]: u'\u0131\u015f\u0131k'

t2.decode
t2
>>> enc = 'utf-8'
>>> t2.decode(enc)
------------------------------------------------------------
Traceback (most recent call last):
  File "<ipython console>", line 1, in <module>
  File "C:\java\python\Python25\Lib\encodings\utf_8.py", line 16, in decode
    return codecs.utf_8_decode(input, errors, True)
UnicodeEncodeError: 'ascii' codec can't encode characters in position 0-2: ordin
al not in range(128)

__str__
decode()
>>> t2.__str__()
------------------------------------------------------------
Traceback (most recent call last):
  File "<ipython console>", line 1, in <module>
UnicodeEncodeError: 'ascii' codec can't encode characters in position 0-2: ordin
al not in range(128)

__repr__
>>> t2.__repr__()
Out[0]: "u'\\u0131\\u015f\\u0131k'"

__str__
__repr__
