TYPE_DICT = (
    ("1", "Shopping list"),
    ("2", "Gift Wishlist"),
    ("3", "test list type"),
    )

class List(models.Model):
    user = models.ForeignKey(User)
    name = models.CharField(max_length=200)
    type = models.PositiveIntegerField(choices=TYPE_DICT)

bunchofdicts = List.objects.filter(user=request.user)
    array = []
    for dict in bunchofdicts:
        ListDict = {'Name':dict.name, 'type':TYPE_DICT[dict.type], 'edit':'placeholder' }
        array.append(ListDict)

TypeError at /list/

tuple indices must be integers, not str

Request Method:     GET
Request URL:    http://127.0.0.1/list/
Exception Type:     TypeError
Exception Value:    

tuple indices must be integers, not str

Exception Location:     /home/projects/tst/list/views.py in list, line 22
Python Executable:  /usr/bin/python
Python Version:     2.6.2

python
Python 2.6.2 (release26-maint, Apr 19 2009, 01:56:41)
[GCC 4.3.3] on linux2
Type "help", "copyright", "credits" or "license" for more information.
>>> dict = {'1':'shoppinglist', '2':'giftlist','3':'testlist'}
>>> print dict[1]
Traceback (most recent call last):
  File "<stdin>", line 1, in <module>
KeyError: 1
>>> print dict[str(1)]
shoppinglist
>>> x = 1
>>> print dict[x]
Traceback (most recent call last):
  File "<stdin>", line 1, in <module>
KeyError: 1
>>> print dict[str(x)]
shoppinglist
>>>

