# Setting PATH for MacPython 2.6
# The orginal version is saved in .bash_profile.pysave
PATH="/Library/Frameworks/Python.framework/Versions/2.6/bin:${PATH}"
export PATH
export PATH=/usr/local/mysql/bin:/Library/Frameworks/Python.framework/Versions/2.6/bin:/Library/Frameworks/Python.framework/Versions/2.6/bin:/usr/bin:/bin:/usr/sbin:/sbin:/usr/local/bin:/usr/X11/bin
export PYTHONPATH=/Users/blwatson/pythonpath:/Users/blwatson/pythonpath/django/bin:$PYTHONPATH

Python 2.6.2 (r262:71600, Apr 16 2009, 09:17:39) 
[GCC 4.0.1 (Apple Computer, Inc. build 5250)] on darwin
Type "help", "copyright", "credits" or "license" for more information.
>>> import django
>>> django.VERSION
(1, 0, 4, 'alpha', 0)

>>> import sys
>>> sys.path
['', '/Users/blwatson/pythonpath', '/Users/blwatson/pythonpath/django/bin', '/Library/Frameworks/Python.framework/Versions/2.6/lib/python26.zip', '/Library/Frameworks/Python.framework/Versions/2.6/lib/python2.6', '/Library/Frameworks/Python.framework/Versions/2.6/lib/python2.6/plat-darwin', '/Library/Frameworks/Python.framework/Versions/2.6/lib/python2.6/plat-mac', '/Library/Frameworks/Python.framework/Versions/2.6/lib/python2.6/plat-mac/lib-scriptpackages', '/Library/Frameworks/Python.framework/Versions/2.6/lib/python2.6/lib-tk', '/Library/Frameworks/Python.framework/Versions/2.6/lib/python2.6/lib-old', '/Library/Frameworks/Python.framework/Versions/2.6/lib/python2.6/lib-dynload', '/Library/Frameworks/Python.framework/Versions/2.6/lib/python2.6/site-packages', '/Library/Frameworks/Python.framework/Versions/2.6/lib/python2.6/site-packages/PIL', '/Library/Frameworks/Python.framework/Versions/2.6/lib/python2.6/site-packages/wx-2.8-mac-unicode']
>>> 

Python 2.6.2 (r262:71600, Apr 16 2009, 09:17:39) 
[GCC 4.0.1 (Apple Computer, Inc. build 5250)] on darwin
Type "copyright", "credits" or "license()" for more information.

    ****************************************************************
    Personal firewall software may warn about the connection IDLE
    makes to its subprocess using this computer's internal loopback
    interface.  This connection is not visible on any external
    interface and no data is sent to or received from the Internet.
    ****************************************************************

IDLE 2.6.2      
>>> import django

Traceback (most recent call last):
  File "<pyshell#0>", line 1, in <module>
    import django
ImportError: No module named django
>>> import sys
>>> print sys.path
['/Users/blwatson/Documents', '/Library/Frameworks/Python.framework/Versions/2.6/lib/python26.zip', '/Library/Frameworks/Python.framework/Versions/2.6/lib/python2.6', '/Library/Frameworks/Python.framework/Versions/2.6/lib/python2.6/plat-darwin', '/Library/Frameworks/Python.framework/Versions/2.6/lib/python2.6/plat-mac', '/Library/Frameworks/Python.framework/Versions/2.6/lib/python2.6/plat-mac/lib-scriptpackages', '/Library/Frameworks/Python.framework/Versions/2.6/lib/python2.6/lib-tk', '/Library/Frameworks/Python.framework/Versions/2.6/lib/python2.6/lib-old', '/Library/Frameworks/Python.framework/Versions/2.6/lib/python2.6/lib-dynload', '/Library/Frameworks/Python.framework/Versions/2.6/lib/python2.6/site-packages', '/Library/Frameworks/Python.framework/Versions/2.6/lib/python2.6/site-packages/PIL', '/Library/Frameworks/Python.framework/Versions/2.6/lib/python2.6/site-packages/wx-2.8-mac-unicode']

