views.py
urls.py
# urls.py
# -------

# coding=utf-8

from django.conf.urls.defaults import *

from myapp import views


urlpatterns = patterns('',
    url(r'^myview/$', views.myview),
)


# views.py
----------

# coding=utf-8

from django.http import HttpResponse


def myview(request):
    return HttpResponse('MYVIEW LOL',  content_type="text/plain")

reverse()
>>> from django.core.urlresolvers import reverse
>>> import urls
>>> from myapp import views

>>> urls.urlpatterns[0].callback is views.myview
True

>>> reverse(views.myview)
Traceback (most recent call last):
  File "<console>", line 1, in <module>
  File "/Library/Python/2.5/site-packages/django/core/urlresolvers.py", line 254, in reverse
    *args, **kwargs)))
  File "/Library/Python/2.5/site-packages/django/core/urlresolvers.py", line 243, in reverse
    "arguments '%s' not found." % (lookup_view, args, kwargs))
NoReverseMatch: Reverse for '<function myview at 0x6fe6b0>' with arguments '()' and keyword arguments '{}' not found.

reverse()
reverse
