TypeError: super() argument 1 must be type, not classobj

>>> class A:
...     def greet(self):
...         print "A says hi"
...
>>> class B(A):
...     def greet(self):
...         print "B says hi"
...
>>> super(B, B()).greet()
Traceback (most recent call last):
  File "<stdin>", line 1, in <module>
TypeError: super() argument 1 must be type, not classobj

>>> class B(A, object):
...     def greet(self):
...         print "B says hi"
...
>>> super(B, B()).greet()
A says hi

