>>> wiz=Wizard()
>>> dir(wiz)
['__doc__', '__module__', 'addmana']
>>> wiz.addmana()
>>> dir(wiz)
['__doc__', '__module__', 'addmana', 'domagic']
>>> wiz.domagic()
>>> dir(wiz)
['__doc__', '__module__', 'addmana']
>>> wiz.domagic()
Traceback (most recent call last):
  File "<stdin>", line 1, in <module>
AttributeError: Wizard instance has no attribute 'domagic'

>>> wiz.domagic
<bound method Wizard.domagic of <__main__.Wizard instance at 0x7f0390d06950>>
>>> del wiz.domagic
Traceback (most recent call last):
  File "<stdin>", line 1, in <module>
AttributeError: Wizard instance has no attribute 'domagic'

