calendar.month_abbr[6]
>>> import locale
>>> import calendar
>>> locale.setlocale(locale.LC_ALL, ("ru_RU"))
'ru_RU'
>>> print repr(calendar.month_abbr[6])
'\xb8\xee\xdd'
>>> print repr(calendar.month_abbr[6].decode("utf8"))
Traceback (most recent call last):
  File "<stdin>", line 1, in <module>
  File "/usr/lib/python2.5/encodings/utf_8.py", line 16, in decode
    return codecs.utf_8_decode(input, errors, True)
UnicodeDecodeError: 'utf8' codec can't decode byte 0xb8 in position 0: unexpected code byte
>>> locale.setlocale(locale.LC_ALL, ("ru_RU", "utf8"))
'ru_RU.UTF8'
>>> print repr(calendar.month_abbr[6])
'\xd0\x98\xd1\x8e\xd0\xbd'
>>> print repr(calendar.month_abbr[6].decode("utf8"))
u'\u0418\u044e\u043d'

