>>> status = object()
>>> status.foo = 3  
Traceback (most recent call last):
  File "<stdin>", line 1, in <module>
AttributeError: 'object' object has no attribute 'foo'

>>> class Anon: pass
... 
>>> b=Anon()
>>> b.foo = 4

__dict__
