$ python manage.py dbshell

$python manage.py dbshell
Traceback (most recent call last):
  File "manage.py", line 11, in <module>
    execute_manager(settings)
  File "C:\Python25\lib\site-packages\django\core\management\__init__.py", line
362, in execute_manager
    utility.execute()
  File "C:\Python25\lib\site-packages\django\core\management\__init__.py", line
303, in execute
    self.fetch_command(subcommand).run_from_argv(self.argv)
  File "C:\Python25\lib\site-packages\django\core\management\base.py", line 195,
 in run_from_argv
    self.execute(*args, **options.__dict__)
  File "C:\Python25\lib\site-packages\django\core\management\base.py", line 222,
 in execute
    output = self.handle(*args, **options)
  File "C:\Python25\lib\site-packages\django\core\management\base.py", line 351,
 in handle
    return self.handle_noargs(**options)
  File "C:\Python25\lib\site-packages\django\core\management\commands\dbshell.py
", line 9, in handle_noargs
    from django.db import connection
  File "C:\Python25\lib\site-packages\django\db\__init__.py", line 41, in <modul
e>
    backend = load_backend(settings.DATABASE_ENGINE)
  File "C:\Python25\lib\site-packages\django\db\__init__.py", line 17, in load_b
ackend
    return import_module('.base', 'django.db.backends.%s' % backend_name)
  File "C:\Python25\Lib\site-packages\django\utils\importlib.py", line 35, in im
port_module
    __import__(name)
  File "C:\Python25\lib\site-packages\django\db\backends\mysql\base.py", line 13
, in <module>
    raise ImproperlyConfigured("Error loading MySQLdb module: %s" % e)
django.core.exceptions.ImproperlyConfigured: Error loading MySQLdb module: No mo
dule named MySQLdb

$ python setup.py install

D:\SOFTWARE\PROGRAMMING\MySQL-python-1.2.3c1>python setup.py install
Traceback (most recent call last):
  File "setup.py", line 5, in <module>
    from setuptools import setup, Extension
ImportError: No module named setuptools

ez_setup.py
$python ez_setup.py

D:\SOFTWARE\PROGRAMMING\MySQL-python-1.2.3c1>python ez_setup.py
Downloading http://pypi.python.org/packages/2.5/s/setuptools/setuptools-0.6c9-py
2.5.egg
Processing setuptools-0.6c9-py2.5.egg
Copying setuptools-0.6c9-py2.5.egg to c:\python25\lib\site-packages
Adding setuptools 0.6c9 to easy-install.pth file
Installing easy_install-script.py script to C:\Python25\Scripts
Installing easy_install.exe script to C:\Python25\Scripts
Installing easy_install-2.5-script.py script to C:\Python25\Scripts
Installing easy_install-2.5.exe script to C:\Python25\Scripts

Installed c:\python25\lib\site-packages\setuptools-0.6c9-py2.5.egg
Processing dependencies for setuptools==0.6c9
Finished processing dependencies for setuptools==0.6c9

setup.py
$python setup.py install

D:\SOFTWARE\PROGRAMMING\MySQL-python-1.2.3c1>python setup.py install
running install
running bdist_egg
....
copying MySQLdb\constants\CLIENT.py -> build\lib.win32-2.5\MySQLdb\constants
running build_ext
error: Python was built with Visual Studio 2003;
extensions must be built with a compiler than can generate compatible binaries.
Visual Studio 2003 was not found on this system. If you have Cygwin installed,
you can try compiling with MingW32, by passing "-c mingw32" to setup.py.

