print
string.decode()
string.encode()
print()
>>> import sys
>>> a = '\xAA\xBB\xCC'
>>> print(a)
ª»Ì
>>> a.encode(sys.stdout.encoding)
Traceback (most recent call last):
  File "<stdin>", line 1, in ?
UnicodeDecodeError: 'ascii' codec can't decode byte 0xaa in position 0: ordinal not in range(128)
>>> a.decode(sys.stdout.encoding)
u'\xaa\xbb\xcc'

encode()
print
>>> sys.stdin.encoding
'ISO-8859-1'
>>> sys.stdout.encoding
'ISO-8859-1'

