cx_Oracle
cx_Oracle
Connection.current_schema
Connection
current_schema
>>> c = cx_Oracle.connect(...)
>>> dir(c)
['__class__', '__delattr__', '__doc__', '__enter__', '__exit__', '__format__', 
'__getattribute__', '__hash__', '__init__', '__new__', '__reduce__',
'__reduce_ex__', '__repr__', '__setattr__', '__sizeof__', '__str__', 
'__subclasshook__', 'autocommit', 'begin', 'cancel', 'changepassword', 'close', 
'commit', 'cursor', 'dsn', 'encoding', 'inputtypehandler',
'maxBytesPerCharacter', 'nencoding', 'outputtypehandler', 'password', 'prepare', 
'register', 'rollback', 'stmtcachesize', 'tnsentry', 'unregister', 'username', 
'version']

>>> c.current_schema = 'toto'

__setattr__
>>> c.current_schema = 'toto'
Traceback (most recent call last):
 File "<stdin>", line 1, in <module>
AttributeError: 'cx_Oracle.Connection' object has no attribute 'current_schema'

>>> setattr(c, 'current_schema', 'toto')
# same error

SUSE LINUX Enterprise Server 9 (x86_64)
VERSION = 9
PATCHLEVEL = 3

cx_Oracle
