>>> class A(object):
...     @classmethod
...     def foo(cls):
...         print "foo"
... 
>>> a=A()
>>> a.foo()
foo
>>> A.foo()
foo

>>> class Meta(type): 
...     def foo(self): 
...         print "foo"
... 
>>> class A(object):
...     __metaclass__=Meta
...     def __init__(self):
...         print "hello"
... 
>>> 
>>> a=A()
hello
>>> A.foo()
foo
>>> a.foo()
Traceback (most recent call last):
  File "<stdin>", line 1, in <module>
AttributeError: 'A' object has no attribute 'foo'

