list
itertools.count
>>> import itertools
>>> c = itertools.count(1)
>>> items = ['foo', 'bar']
>>> merged = imerge(items, c)  # the mythical "imerge"
>>> merged.next()
'foo'
>>> merged.next()
1
>>> merged.next()
'bar'
>>> merged.next()
2
>>> merged.next()
Traceback (most recent call last):
    ...
StopIteration

