>>> def bar(x, y):
...     print x, y
...
>>> bar(y=3, x=1)
1 3

>>> class Foo(object):
...     def bar(self, x, y):
...             print x, y
...
>>> z = Foo()
>>> z.bar(y=3, x=1)
1 3

>>> Foo.bar(z, y=3, x=1)
1 3

>>> Foo.bar(self=z, y=3, x=1)
Traceback (most recent call last):
  File "<stdin>", line 1, in <module>
TypeError: unbound method bar() must be called with Foo instance as first argument (got nothing instead)

