class Staff(models.Model):
    StaffNumber = models.CharField(max_length=20,primary_key=True)
    NameFirst = models.CharField(max_length=30,blank=True,null=True)
    NameLast = models.CharField(max_length=30)
    SchoolID = models.CharField(max_length=10,blank=True,null=True)
    AutocompleteName = models.CharField(max_length=100, blank=True,null=True)

root@django:/var/www/django-sites/apps# python manage.py shell
Python 2.5.2 (r252:60911, Jan 20 2010, 21:48:48)
[GCC 4.2.4 (Ubuntu 4.2.4-1ubuntu3)] on linux2
Type "help", "copyright", "credits" or "license" for more information.
(InteractiveConsole)
>>> from disciplineform.models import Staff
>>> s = Staff.objects.all()
>>> len(s)
406

>>> s[0].NameFirst
u'"ANDREA"'

>>> a = Staff.objects.get(NameFirst='ANDREA')
Traceback (most recent call last):
  File "<console>", line 1, in <module>
  File "/var/lib/python-support/python2.5/django/db/models/manager.py", line 93, in get
    return self.get_query_set().get(*args, **kwargs)
  File "/var/lib/python-support/python2.5/django/db/models/query.py", line 309, in get
    % self.model._meta.object_name)
DoesNotExist: Staff matching query does not exist.

