None = "bad"

>>> import __builtin__
>>> __builtin__.None is None
True
>>> None
>>> None = "bad"
  File "<stdin>", line 1
SyntaxError: assignment to None
>>> __builtin__.None = "bad"
  File "<stdin>", line 1
SyntaxError: assignment to None
>>> setattr(__builtin__, "None", "bad")
>>> __builtin__.None
'bad'
>>> None
>>> __builtin__.None is None
False
>>> __builtin__.None = None
  File "<stdin>", line 1
SyntaxError: assignment to None

>>> class Abc:
...     def __init__(self):
...             self.None = None
... 
  File "<stdin>", line 3
SyntaxError: assignment to None
>>> class Abc:
...     def __init__(self):
...             setattr(self,'None',None)
... 
>>> 

