mod_python
.htaccess
mysite.fcgi
PYTHONPATH
mysite.fcgi
PYTHONPATH
prompt$ python2.5 mysite.fcgi 
 ERROR:
 No module named flup   Unable to load
 the flup package.  In order to run
 django   as a FastCGI application, you
 will need to get flup from  
 http://www.saddi.com/software/flup/  
 If you've already   installed flup,
 then make sure you have it in your
 PYTHONPATH.

mysite.fcgi
mysite.fcgi
>>> os.environ['PYTHONPATH'] = 'Null'
>>>
>>> os.system('echo $PYTHONPATH')
Null
>>> os.environ['PYTHONPATH'] = '/prefix/path'
>>>
>>> os.system('echo $PYTHONPATH')
/prefix/path
>>> exit()
prompt$ echo $PYTHONPATH
Null

os.environ['key'] = value
--prefix
import sys; sys.__plen = len(sys.path)
./setuptools-0.6c6-py2.5.egg
./flup-1.0.1-py2.5.egg
import sys; new=sys.path[sys.__plen:]; del sys.path[sys.__plen:]; p=getattr(sys,'__egginsert',0); sy
s.path[p:p]=new; sys.__egginsert = p+len(new)

