>>> class G:
...   def __init__(self):
...     self.x = 20
...
>>> gg = G()
>>> gg.x
20
>>> gg.y = 2000

>>> from datetime import datetime
>>> my_obj = datetime.now()
>>> my_obj.interesting = 1
*** AttributeError: 'datetime.datetime' object has no attribute 'interesting'

datetime
setattr
getattr
datetime
