py25-sqlite3 @2.5.4_0 (active)
python25 @2.5.4_1+darwin_9+macosx (active)
sqlite3 @3.6.12_0 (active)

python25
sudo python setup.py install
$ python
Python 2.5.4 (r254:67916, Apr 10 2009, 16:02:52) 
[GCC 4.0.1 (Apple Inc. build 5490)] on darwin
Type "help", "copyright", "credits" or "license" for more information.
>>> import django
>>> import sqlite3
>>> ^D

$ django-admin.py startproject foo
$ cd foo/
$ python manage.py runserver
Validating models...
Unhandled exception in thread started by <function inner_run at 0x6c1e70>
Traceback (most recent call last):
  File "/opt/local/Library/Frameworks/Python.framework/Versions/2.5/lib/python2.5/site-packages/django/core/management/commands/runserver.py", line 48, in inner_run
    self.validate(display_num_errors=True)
  File "/opt/local/Library/Frameworks/Python.framework/Versions/2.5/lib/python2.5/site-packages/django/core/management/base.py", line 246, in validate
    num_errors = get_validation_errors(s, app)
  File "/opt/local/Library/Frameworks/Python.framework/Versions/2.5/lib/python2.5/site-packages/django/core/management/validation.py", line 22, in get_validation_errors
    from django.db import models, connection
  File "/opt/local/Library/Frameworks/Python.framework/Versions/2.5/lib/python2.5/site-packages/django/db/__init__.py", line 22, in <module>
    backend = __import__('%s.base' % settings.DATABASE_ENGINE, {}, {}, [''])
ImportError: No module named dummy.base

DATABASE_ENGINE
settings.py
sqlite3
$ python manage.py runserver

Validating models...
Unhandled exception in thread started by <function inner_run at 0x6c1e70>
Traceback (most recent call last):
  File "/opt/local/Library/Frameworks/Python.framework/Versions/2.5/lib/python2.5/site-packages/django/core/management/commands/runserver.py", line 48, in inner_run
    self.validate(display_num_errors=True)
  File "/opt/local/Library/Frameworks/Python.framework/Versions/2.5/lib/python2.5/site-packages/django/core/management/base.py", line 246, in validate
    num_errors = get_validation_errors(s, app)
  File "/opt/local/Library/Frameworks/Python.framework/Versions/2.5/lib/python2.5/site-packages/django/core/management/validation.py", line 22, in get_validation_errors
    from django.db import models, connection
  File "/opt/local/Library/Frameworks/Python.framework/Versions/2.5/lib/python2.5/site-packages/django/db/__init__.py", line 22, in <module>
    backend = __import__('%s.base' % settings.DATABASE_ENGINE, {}, {}, [''])
ImportError: No module named base
^C$ 

syncdb
