os.rename
>>> os.chdir(r'F:\recovery\My Music')
>>> os.listdir(u'.')
[u'Don?t Be Them.mp3', u'That?s A Soldier.mp3']
>>> blah=os.listdir(u'.')
>>> blah[0]
Don?t Be Them.mp3
>>> os.rename(blah[0],'dont be them.mp3')

Traceback (most recent call last):
  File "<pyshell#6>", line 1, in <module>
    os.rename(blah[0],'dont be them.mp3')
WindowsError: [Error 123] The filename, directory name, or
  volume label syntax is incorrect

