>>> from ctypes import *
>>>maury = WinDLL( 'MLibTuners')
>>> maury
(WinDLL 'MlibTuners', handle 10000000 at 9ef9d0)
>>> maury.get_tuner_driver_version()
(_FuncPtr object at 0x009F6738)
>>> version_string = create_string_buffer(80)
>>> maury.get_tuner_driver_version(version_string)
2258920
>>> print version_string.value
'Maury Microwave MT993V04 Tuner Driver DLL, Version 1.60.00, 07/25/2007'

short add_tuner(short tuner_number, char model[], short serial_number,
               short ctlr_num, short ctlr_port, short *no_of_motors, long max_range[],
               double *fmin, double *fmax, double *fcrossover, char error_string[])

no_motors = pointer(c_short())
f_min = pointer(c_double())
f_max = pointer(c_double())
f_crossover = pointer(c_double())
maury.add_tuner(c_short(0), c_char_p('MT982EU'), c_short(serial_number), c_short(0),
                                c_short(1),no_motors, c_long(),
f_min,f_max,f_crossover, create_string_buffer(80))

