plenv
ndenv
pyenv
luaenv
$ luaenv install 5.1.5   #installed OK
$ luaenv global 5.1.5    #OK
$ luaenv which lua
/opt/anyenv/envs/luaenv/versions/5.1.5/bin/lua
$ luaenv versions
* 5.1.5 (set by /opt/anyenv/envs/luaenv/version)
$ lua -v
Lua 5.1.5  Copyright (C) 1994-2012 Lua.org, PUC-Rio

luarocks
luaenv
luarocks
luaenv install-rocks
plenv install-cpanm
./configure
make build
lua.h
Checking Lua includes... 
lua.h not found (looked in /opt/anyenv/envs/luaenv/include, /opt/anyenv/envs/luaenv/include/lua/5.1, /opt/anyenv/envs/luaenv/include/lua5.1)
You may want to use the flag --with-lua or --with-lua-include. See --help.

luaenv
$ find /opt/anyenv/envs/luaenv -name lua.h -print
/opt/anyenv/envs/luaenv/versions/5.1.5/include/lua.h

$ ./configure --with-lua=/opt/anyenv/envs/luaenv/versions/5.1.5

make build
src/luarocks/site_config.lua
local site_config = {}
site_config.LUAROCKS_PREFIX=[[/usr/local]]
site_config.LUA_INCDIR=[[/opt/anyenv/envs/luaenv/versions/5.1.5/include]]
site_config.LUA_LIBDIR=[[/opt/anyenv/envs/luaenv/versions/5.1.5/lib]]
site_config.LUA_BINDIR=[[/opt/anyenv/envs/luaenv/versions/5.1.5/bin]]
site_config.LUAROCKS_SYSCONFDIR=[[/usr/local/etc/luarocks]]
site_config.LUAROCKS_ROCKS_TREE=[[/usr/local]]
site_config.LUAROCKS_ROCKS_SUBDIR=[[/lib/luarocks/rocks]]
site_config.LUA_DIR_SET=true
site_config.LUAROCKS_UNAME_S=[[Darwin]]
site_config.LUAROCKS_UNAME_M=[[x86_64]]
site_config.LUAROCKS_DOWNLOADER=[[curl]]
site_config.LUAROCKS_MD5CHECKER=[[md5sum]]
return site_config

/usr/local
luaenv
luarocks
luaenv
lua
luaenv
