gcc string.c dbf_head.c dbf_ndx.c dbf_misc.c dbf_rec.c luadbase.c -shared -O2 -Wall -L/usr/local/lib -llua -ldl -lm -lnsl -o dbase.so

gcc string.c dbf_head.c dbf_ndx.c dbf_misc.c dbf_rec.c luadbase.c
-shared -O2 -Wall -L./ -llua -ldl -lm -lnsl -o dbase.dll


D:\lua-dbase-compiling>make_win

D:\lua-dbase-compiling>gcc string.c dbf_head.c dbf_ndx.c dbf_misc.c dbf_rec.c lu
adbase.c -shared -O2 -Wall -L./ -llua -ldl -lm -lnsl -o dbase.dll
dbf_rec.c: In function 'pack_dbf':
dbf_rec.c:131: warning: implicit declaration of function 'ftruncate'
luadbase.c:20:17: error: lua.h: No such file or directory
luadbase.c:21:21: error: lauxlib.h: No such file or directory
luadbase.c:23:24: error: compat-5.1.h: No such file or directory
luadbase.c:48: error: expected ')' before '*' token
luadbase.c:49: error: expected ')' before '*' token
luadbase.c:50: error: expected ')' before '*' token
luadbase.c:56: error: expected ')' before '*' token
luadbase.c:67: error: expected ')' before '*' token
luadbase.c:77: error: expected ')' before '*' token
luadbase.c:85: error: expected ')' before '*' token
luadbase.c:113: error: expected ')' before '*' token
luadbase.c:120: error: expected ')' before '*' token
luadbase.c:141: error: expected ')' before '*' token
luadbase.c:146: error: expected ')' before '*' token
luadbase.c:151: error: expected ')' before '*' token
luadbase.c:160: error: expected ')' before '*' token
luadbase.c:231: error: expected ')' before '*' token
luadbase.c:398: error: expected ')' before '*' token
luadbase.c:402: error: expected ')' before '*' token
luadbase.c:406: error: expected ')' before '*' token
luadbase.c:428: error: expected ')' before '*' token
luadbase.c:501: error: expected ')' before '*' token
luadbase.c:686: error: expected ')' before '*' token
luadbase.c:700: error: expected ')' before '*' token
luadbase.c:709: error: expected ')' before '*' token

D:\lua-dbase-compiling>make_win

D:\lua-dbase-compiling>gcc string.c dbf_head.c dbf_ndx.c dbf_misc.c dbf_rec.c lu
adbase.c -shared -O2 -Wall -L./ -llua -ldl -lm -lnsl -o dbase.dll
dbf_rec.c: In function 'pack_dbf':
dbf_rec.c:131: warning: implicit declaration of function 'ftruncate'
In file included from luadbase.c:20:
lua.h:16:21: error: luaconf.h: No such file or directory
In file included from luadbase.c:20:
lua.h:99: error: expected '=', ',', ';', 'asm' or '__attribute__' before 'lua_Nu
mber'
lua.h:103: error: expected '=', ',', ';', 'asm' or '__attribute__' before 'lua_I
nteger'
lua.h:110: error: expected '=', ',', ';', 'asm' or '__attribute__' before 'lua_S
tate'
lua.h:111: error: expected '=', ',', ';', 'asm' or '__attribute__' before 'void'

In file included from luadbase.c:21:
lauxlib.h:42: error: expected '=', ',', ';', 'asm' or '__attribute__' before 'vo
id'
lauxlib.h:44: error: expected '=', ',', ';', 'asm' or '__attribute__' before 'vo
id'
lauxlib.h:46: error: expected '=', ',', ';', 'asm' or '__attribute__' before 'in
t'
lauxlib.h:47: error: expected '=', ',', ';', 'asm' or '__attribute__' before 'in
t'

luadbase.c: In function 'luaM_tostring':
luadbase.c:58: warning: implicit declaration of function 'lua_touserdata'
luadbase.c:63: warning: implicit declaration of function 'lua_pushfstring'
luadbase.c:63: warning: implicit declaration of function 'lua_tolstring'
luadbase.c: In function 'luaM_regconst':
luadbase.c:68: warning: implicit declaration of function 'lua_pushstring'
luadbase.c:69: warning: implicit declaration of function 'lua_pushnumber'
luadbase.c:70: warning: implicit declaration of function 'lua_rawset'
luadbase.c: In function 'luaM_setmeta':
luadbase.c:78: warning: implicit declaration of function 'lua_getfield'

D:\lua-dbase-compiling>gcc string.c dbf_head.c dbf_ndx.c dbf_misc.c dbf_rec.c lu
adbase.c -shared -O2 -Wall -L./ -llua -ldl -lm -lnsl -o dbase.dll
dbf_rec.c: In function 'pack_dbf':
dbf_rec.c:131: warning: implicit declaration of function 'ftruncate'
ld: cannot find -llua
ld: cannot find -ldl
ld: cannot find -lnsl

gcc string.c dbf_head.c dbf_ndx.c dbf_misc.c dbf_rec.c luadbase.c -shared -O2 -Wall -L./ -lm -o dbase.dll

lua_tolstring'
C:\Users\user\AppData\Local\Temp\ccwaAh3E.o:luadbase.c:(.text+0x220): undefined
reference to
lua_settop'
C:\Users\user\AppData\Local\Temp\ccwaAh3E.o:luadbase.c:(.text+0x240): undefined
reference to
lua_settop'
C:\Users\user\AppData\Local\Temp\ccwaAh3E.o:luadbase.c:(.text+0x264): undefined
reference to
lua_pushboolean'
C:\Users\user\AppData\Local\Temp\ccwaAh3E.o:luadbase.c:(.text+0x28e): undefined
reference to
lua_tonumber'
C:\Users\user\AppData\Local\Temp\ccwaAh3E.o:luadbase.c:(.text+0x2bf): undefined
reference to
