$ brew install lua                                                                                        (master) 
Updating Homebrew...
....... Install output .......
  /usr/local/Cellar/lua/5.2.4_4: 144 files, 705.5KB
$ lua                                                                                                     (master) 
Lua 5.2.4  Copyright (C) 1994-2015 Lua.org, PUC-Rio
> 
$ brew uninstall lua                                                                                      (master) 
Uninstalling /usr/local/Cellar/lua/5.2.4_4... (144 files, 705.5KB)
$ lua                                                                                                     (master) 
zsh: command not found: lua
$ brew install lua51                                                                                      (master) 
==> Downloading https://homebrew.bintray.com/bottles/lua@5.1-5.1.5_4.el_capitan.bottle.tar.gz
....... Install output .......
  /usr/local/Cellar/lua@5.1/5.1.5_4: 136 files, 702.2KB
$ lua                                                                                                     (master) 
zsh: command not found: lua

