# in a terminal, run the commands WITHOUT sudo
$ git clone https://github.com/torch/distro.git ~/torch --recursive
$ cd ~/torch; bash install-deps;
$ ./install.sh
# On Linux with bash
$ source ~/.bashrc

$ th
th: command not found

~/torch$ find . | grep bin
./exe/luajit-rocks/luarocks/src/bin
./exe/luajit-rocks/luarocks/src/bin/luarocks.in
./exe/luajit-rocks/luarocks/src/bin/luarocks-admin.in
./exe/luajit-rocks/luarocks/win32/tools/libintl3.dll
./exe/luajit-rocks/luarocks/win32/lua5.1/bin
./exe/luajit-rocks/luarocks/win32/lua5.1/bin/msvcr80.dll
./exe/luajit-rocks/luarocks/win32/lua5.1/bin/msvcp80.dll
./exe/luajit-rocks/luarocks/win32/lua5.1/bin/lua5.1.dll
./exe/luajit-rocks/luarocks/win32/lua5.1/bin/msvcm80.dll
./exe/luajit-rocks/luarocks/win32/lua5.1/bin/luac5.1.exe
./exe/luajit-rocks/luarocks/win32/lua5.1/bin/lua5.1.lib
./exe/luajit-rocks/luarocks/win32/lua5.1/bin/lua51.lib
./exe/luajit-rocks/luarocks/win32/lua5.1/bin/Microsoft.VC80.CRT.manifest
./exe/luajit-rocks/luarocks/win32/lua5.1/bin/bin2c5.1.exe
./exe/luajit-rocks/luarocks/win32/lua5.1/bin/lua51.dll
./exe/luajit-rocks/luarocks/win32/lua5.1/bin/wlua5.1.exe
./exe/luajit-rocks/luarocks/win32/lua5.1/bin/lua5.1.exe
./cmake/3.6/Modules/FindCUDA/parse_cubin.cmake

~/torch$ ./test.sh
Neither luajit nor lua found in path

~/torch/exe/trepl$ ./th 
/usr/bin/env: 'luajit': No such file or directory
~/torch/exe$ ls
CMakeLists.txt  env  luajit-rocks  qtlua  trepl
~/torch/exe/luajit-rocks$ ls
CMakeLists.txt  README.md  lua-5.1  lua-5.1-rc  lua-5.2  lua-5.3  luajit-2.0  luajit-2.1  luarocks
~/torch/exe/luajit-rocks$ lua[tab][tab] #trying to autocomplete
lua-5.1/    lua-5.1-rc/ lua-5.2/    lua-5.3/    luajit-2.0/ luajit-2.1/ luarocks/ 

~/torch/exe/luajit-rocks$ uname -a
Linux ubuntu1604 4.4.0-92-generic #115-Ubuntu SMP Thu Aug 10 09:04:33 UTC 2017 x86_64 x86_64 x86_64 GNU/Linux

