alice@KAL:~$ id alice
uid=3000(alice) gid=3000(alice) groups=3000(alice)
alice@KAL:~$ id bob
uid=3001(bob) gid=3001(bob) groups=3001(bob)

(as alice)
alice@KAL:~$ mkdir shared
alice@KAL:~$ chmod g+w shared
alice@KAL:~$ ls -l
total 4
drwxrwxr-x 2 alice alice 4096 2012-05-15 23:56 shared

(as root)
root@KAL:~# id bob
uid=3001(bob) gid=3001(bob) groups=3001(bob)
root@KAL:~# usermod -G 3000 bob
root@KAL:~# id bob
uid=3001(bob) gid=3001(bob) groups=3001(bob),3000(alice)

(initially as kp, su'ing as bob)
kp@KAL:~$ sudo su bob
bob@KAL:/home/kp$ cd /home/alice
bob@KAL:/home/alice$ ls -l
total 4
drwxrwxr-x 2 alice alice 4096 2012-05-15 23:56 shared
bob@KAL:/home/alice$ touch test
touch: cannot touch `test': Permission denied    <-- fails as expected
bob@KAL:/home/alice$ cd shared
bob@KAL:/home/alice/shared$ touch test     <-- succeeds as expected
bob@KAL:/home/alice/shared$ ls -l
total 0
-rw-r--r-- 1 bob bob 0 2012-05-16 00:02 test

(root)
root@KAL:~# usermod -G 3001 bob
root@KAL:~# id bob
uid=3001(bob) gid=3001(bob) groups=3001(bob)

(as bob)
bob@KAL:/home/alice/shared$ id bob
uid=3001(bob) gid=3001(bob) groups=3001(bob)   <-- group 3000 no longer secondary group
bob@KAL:/home/alice/shared$ touch test2        <-- should fail
bob@KAL:/home/alice/shared$ ls -l
total 0
-rw-r--r-- 1 bob bob 0 2012-05-16 00:02 test
-rw-r--r-- 1 bob bob 0 2012-05-16 00:20 test2
bob@KAL:/home/alice/shared$ rm test            <-- this should also fail
bob@KAL:/home/alice/shared$ ls -l
total 0
-rw-r--r-- 1 bob bob 0 2012-05-16 00:20 test2

(as bob)
bob@KAL:/home/alice/shared$ exit
exit
kp@KAL:~$ sudo su bob
bob@KAL:/home/kp$ cd /home/alice/shared
bob@KAL:/home/alice/shared$ ls -l
total 0
-rw-r--r-- 1 bob bob 0 2012-05-16 00:20 test2
bob@KAL:/home/alice/shared$ touch test3
touch: cannot touch `test3': Permission denied   <-- now fails as expected
bob@KAL:/home/alice/shared$ id bob
uid=3001(bob) gid=3001(bob) groups=3001(bob)
bob@KAL:/home/alice/shared$ 

