root@server:/tmp# wget -q http://download.zeromq.org/zeromq-2.2.0.tar.gz
root@server:/tmp# tar -xzf !$:t
tar -xzf zeromq-2.2.0.tar.gz
root@server:/tmp# cd !$:r:r
cd zeromq-2.2.0
root@server:/tmp/zeromq-2.2.0#

#!/usr/bin/env bash
wget -q http://download.zeromq.org/zeromq-2.2.0.tar.gz && tar -xzf !$:t && cd !$:r:r

root@server:/tmp# ./install.sh 
tar (child): Cannot connect to !$: resolve failed

gzip: stdin: unexpected end of file
tar: Child returned status 128
tar: Error is not recoverable: exiting now

#!/usr/bin/env bash
wget -q http://download.zeromq.org/zeromq-2.2.0.tar.gz
tar -xzf !$:t
cd !$:r:r

root@server:/tmp# ./install.sh 
tar (child): Cannot connect to !$: resolve failed

gzip: stdin: unexpected end of file
tar: Child returned status 128
tar: Error is not recoverable: exiting now
./install.sh: line 11: cd: !$:r:r: No such file or directory

