$ echo $PWD
/home/helpermethod/workspace
$ up helpermethod # goes up to the first directory named helpermethod
$ echo $PWD
/home/helpermethod
$ up foo
bash: cd: /home/helpermethod/foo: No such file or directory

up
$ up home

PWD
PWD
$ echo $PWD
/foo/baz/foo/bar
$ up baz foo # go to foo, which lies above baz

