ls
ls
/bin/ls
$ ls -y
ls: invalid option -- 'y'
Try `ls --help' for more information.

ls
$ function ls() { [[ "y$1" == "y-y" ]] && echo LS ; } 
$ function less() { [[ "y$1" == "y-y" ]] && echo LESS ; }
$ function try() { [[ "y$1" == "y-y" ]] && echo TRY ; }

ls
less
try
$ ls ; less ; try 

$ ls -y ; less -y ; try -y
LESS
TRY

ls
less
ls
$ which ls
/bin/ls

$ builtin ls
bash: builtin: ls: not a shell builtin

