$ printf 'test="\000a" ; echo ${#test}' | sh
1
$ printf 'test="\001a" ; echo ${#test}' | sh
2
$ printf 'ec\000ho test' | sh
test
$ # (Same for bash)

$ printf 'echo "\\\000"' | sh
sh: Syntax error: Unterminated quoted string
$ printf 'echo "\\\000"' | bash
bash: line 1: unexpected EOF while looking for matching `"'
bash: line 2: syntax error: unexpected end of file
$ printf 'echo "\\\134"' | sh
\

