ABC123
ABC456
ABC789
DEF123
DEF456
DEF789

$ grep ABC test2.txt
ABC123
ABC456
ABC789

$ grep DEF test2.txt
DEF123
DEF456
DEF789

$ grep ABC\|DEF test2.txt

$ grep (ABC)\|(DEF) test2.txt
-bash: syntax error near unexpected token `ABC'

$ grep \(ABC\)\|\(DEF\) test2.txt

$ grep 'ABC|DEF' test2.txt

