$ time (echo "SELECT * FROM sometable" | psql)

ls | wc
$ /usr/bin/time -f "%es" (ls | wc)                                                      
-bash: syntax error near unexpected token `('

$ /usr/bin/time -f "%es" "ls | wc"                                                  
/usr/bin/time: cannot run ls | wc: No such file or directory

$ /usr/bin/time -f "%es" ls | wc       
0.00s

$ /usr/bin/time -f "%es" ls | sleep 20                                                  
0.00s 

