$ function myfunc() { echo "Here in myfunc" ; }
$ myfunc
Here in myfunc
$ cat test.sh 
#! /bin/bash

echo "Here in the script"
myfunc
$ ./test.sh 
Here in the script
./test.sh: line 4: myfunc: command not found
$ myfunc
Here in myfunc

./test.sh
myfunc
