...
server1,ssh
winsrv,rdp
...

alias server1='ssh server1' winsrv='rdp winsrv'

alias
$ echo $(sed "s/\(.*\),\(rdp\|ssh\)/\1='\2 \1' /g" ${SERVER_FILE} | tr -d '\n')
server1='ssh server1' winsrv='rdp winsrv'

$ alias server1='ssh server1' winsrv='rdp winsrv'

$ alias
alias server1='ssh server1'
alias winsrv='rdp winsrv'

$ alias $(sed "s/\(.*\),\(rdp\|ssh\)/\1='\2 \1' /g" ${SERVER_FILE} | tr -d '\n')
bash: alias: server1': not found
bash: alias: winsrv': not found

$ alias 
alias server1=''\''ssh'
alias winsrv=''\''rdp'

