(?<!key:)(?<!orKey:)(?<!isEqualToString:)\@\"[A-Za-z0-9]*\"

$ grep -r -n  -H -E (?<!key:)(?<!orKey:)(?<!isEqualToString:)\@\"[A-Za-z0-9]*\" ./
    -bash: !key: event not found

$ grep -r -n  -H -E (?<\!key:)(?<\!orKey:)(?<\!isEqualToString:)\@\"[A-Za-z0-9]*\" ./
    -bash: syntax error near unexpected token `('

$ grep -r -n  -H -E \(?<\!key:\)\(?<\!orKey:\)\(?<\!isEqualToString:\)\@\"[A-Za-z0-9]*\" ./
    -bash: !key:)(?: No such file or directory

$ grep -r -n  -H -E '\(?<\!key:\)\(?<\!orKey:\)\(?<\!isEqualToString:\)\@\"[A-Za-z0-9]*\"' ./

-p
$ grep -r -n  -H -E -P '\(?<\!key:\)\(?<\!orKey:\)\(?<\!isEqualToString:\)\@\"[A-Za-z0-9]*\"' ./
grep: conflicting matchers specified

NSString * foo = @"bar";

return [someDictonary objectForKey:@"foo"];

