#!/usr/bin/bash
#name: stderrtest0.sh
echo "on ${1}: this is an error" >&2
echo "on ${1}: this is an info" >&1
echo "on ${1}: this is just text"

#!/usr/bin/bash
#name: stderrtest1.sh
echo "invoking: stderrtest0.sh test1 >&2 ~output:"
./stderrtest0.sh test1 >&2

echo "invoking: stderrtest0.sh test2 >&1 ~output:"
./stderrtest0.sh test2 >&1

echo "invoking: stderrtest0.sh test3 2>&1 ~output:"
./stderrtest0.sh test3 2>&1

echo "invoking: stderrtest0.sh test4 1>&2 ~output:"
./stderrtest0.sh test4 1>&2

echo "invoking: stderrtest0.sh test5 ~output:"
./stderrtest0.sh test5

$ ./stderrtest1.sh
invoking: stderrtest0.sh test1 >&2 ~output:
on test1: this is an error
on test1: this is an info
on test1: this is just text
invoking: stderrtest0.sh test2 >&1 ~output:
on test2: this is an error
on test2: this is an info
on test2: this is just text
invoking: stderrtest0.sh test3 2>&1 ~output:
on test3: this is an error
on test3: this is an info
on test3: this is just text
invoking: stderrtest0.sh test4 1>&2 ~output:
on test4: this is an error
on test4: this is an info
on test4: this is just text
invoking: stderrtest0.sh test5 ~output:
on test5: this is an error
on test5: this is an info
on test5: this is just text

stderr
stdout
$ ./stderrtest1.sh >out
on test1: this is an error
on test1: this is an info
on test1: this is just text
on test2: this is an error
on test4: this is an error
on test4: this is an info
on test4: this is just text
on test5: this is an error

$ cat out
invoking: stderrtest0.sh test1 >&2 ~output:
invoking: stderrtest0.sh test2 >&1 ~output:
on test2: this is an info
on test2: this is just text
invoking: stderrtest0.sh test3 2>&1 ~output:
on test3: this is an error
on test3: this is an info
on test3: this is just text
invoking: stderrtest0.sh test4 1>&2 ~output:
invoking: stderrtest0.sh test5 ~output:
on test5: this is an info
on test5: this is just text

stdout
stderr
stdout
$ ./stderrtest1.sh 1>inf.out
on test1: this is an error
on test1: this is an info
on test1: this is just text
on test2: this is an error
on test4: this is an error
on test4: this is an info
on test4: this is just text
on test5: this is an error

$ cat inf.out
invoking: stderrtest0.sh test1 >&2 ~output:
invoking: stderrtest0.sh test2 >&1 ~output:
on test2: this is an info
on test2: this is just text
invoking: stderrtest0.sh test3 2>&1 ~output:
on test3: this is an error
on test3: this is an info
on test3: this is just text
invoking: stderrtest0.sh test4 1>&2 ~output:
invoking: stderrtest0.sh test5 ~output:
on test5: this is an info
on test5: this is just text

stdout
stderr
stdout
stderr
$ ./stderrtest1.sh 2>err.out
invoking: stderrtest0.sh test1 >&2 ~output:
invoking: stderrtest0.sh test2 >&1 ~output:
on test2: this is an info
on test2: this is just text
invoking: stderrtest0.sh test3 2>&1 ~output:
on test3: this is an error
on test3: this is an info
on test3: this is just text
invoking: stderrtest0.sh test4 1>&2 ~output:
invoking: stderrtest0.sh test5 ~output:
on test5: this is an info
on test5: this is just text

$ cat err.out
on test1: this is an error
on test1: this is an info
on test1: this is just text
on test2: this is an error
on test4: this is an error
on test4: this is an info
on test4: this is just text
on test5: this is an error

stderr
stdout
stderr
stderr
stderr
stdout
