import java.util.ArrayList;
import java.util.List;

public class TestErasure {
 public static Object method(List<Object> list) {
     System.out.println("method(List<Object> list)");
     return null;
 }

 public static String method(List<String> list) {
     System.out.println("method(List<String> list)");
     return null;
 }

 public static void main(String[] args) {
     method(new ArrayList<Object>()); 
     method(new ArrayList<String>()); 
 }
}

$ javac -version
javac 1.5.0_19
$ javac TestErasure.java
TestErasure.java:10: name clash: method(java.util.List<java.lang.String>) and method(java.util.List<java.lang.Object>) have the same erasure
        public static String method(List<String> list) {
                             ^
TestErasure.java:17: method(java.util.List<java.lang.Object>) in TestErasure cannot be applied to (java.util.ArrayList<java.lang.String>)
      method(new ArrayList<String>()); 
            ^
2 errors

$ javac -version
javac 1.6.0_16
$ javac TestErasure.java
$ java TestErasure
method(List<Object> list)
method(List<String> list)

public static Object method(List<Object> list) ...
public static Object method(List<String> list) ...

$ javac TestErasure.java TestErasure.java:5: name clash: method(java.util.List<java.lang.Object>) and method(java.util.List<java.lang.String>) have the same erasure
     public static Object method(List<Object> list) {
                          ^
TestErasure.java:10: name clash: method(java.util.List<java.lang.String>) and method(java.util.List<java.lang.Object>) have the same erasure
     public static Object method(List<String> list) {
                          ^
2 errors

$ javac -target 1.5 TestErasure.java
$ java -version
java version "1.5.0_19"
$ java TestErasure 
method(List<Object> list)
method(List<String> list)

