croak
die
croak
Carp
croak
$ perl Wrapper.pm
$ error: ... does not exist at Wrapper.pm line 624

die
$ perl Wrapper.pm
error: ... does not exist at Wrapper.pm line 515.

fork
$@
croak
$ perl -MCarp -e 'unless (fork) {croak "child"}'
$ child at -e line 1
  <- cursor blinking here. Pressing enter gives me a new prompt:
$

$ perl -e 'unless (fork) {die "child"}'
child at -e line 1.
$

$ perl -e '$SIG{__DIE__} = sub {sleep 1}; unless (fork) {die "child"}'
$ child at -e line 1.

