$ perl -e '
my %RegHash;
use Win32::TieRegistry( TiedHash => \%RegHash );
use Data::Dumper;
my $Key = $RegHash{"HKEY_CURRENT_USER"};
print Dumper $Key;'
$VAR1 = bless( {}, 'Win32::TieRegistry' );

$ perl -e '
my %RegHash;
use Win32::TieRegistry( TiedHash => \%RegHash );
use Data::Dumper;
my $Key = $RegHash{"HKEY_CURRENT_USER\\Software"};
print Dumper $Key;'
$VAR1 = bless( {}, 'Win32::TieRegistry' );

$ perl -e '
my %RegHash;
use Win32::TieRegistry( TiedHash => \%RegHash );
use Data::Dumper;
my $Key = $RegHash{"HKEY_CURRENT_USER\\Software"};
print Dumper $Key->Information;'
$VAR1 = 'CntSubKeys';
$VAR2 = 48;
$VAR3 = 'MaxSubClassLen';
$VAR4 = 21;
...

$ perl -e '
my %RegHash;
use Win32::TieRegistry( TiedHash => \%RegHash );
use Data::Dumper;
my $Key = $RegHash{"HKEY_CURRENT_USER\\Software"};
print Dumper keys %$Key; '

$ perl -e '
my %RegHash;
use Win32::TieRegistry( TiedHash => \%RegHash );
use Data::Dumper;
my $Key = $RegHash{"HKEY_CURRENT_USER\\Software"};
print Dumper $Key->SubKeyNames;'
Can't use an undefined value as an ARRAY reference at
/usr/lib/perl5/vendor_perl/5.8/cygwin/Win32/TieRegistry.pm line 720.

