irb(main):001:0> module Greeter; def ciao; "Ciao!"; end; end
=> nil
irb(main):002:0> String.extend(Greeter)
=> String
irb(main):003:0> String.ciao
=> "Ciao!"
irb(main):004:0> x = "foo bar"
=> "foo bar"
irb(main):005:0> x.ciao
NoMethodError: undefined method `ciao' for "foo bar":String
        from (irb):5
        from :0
irb(main):006:0>

irb(main):045:0> module Greeter; def ciao; "Ciao!"; end; end
=> nil
irb(main):006:0> 3.extend(Greeter)
TypeError: can't define singleton
        from (irb):6:in `extend_object'
        from (irb):6:in `extend'
        from (irb):6

