Dim c As New TControlsLib.LangCombo
Dim l As TControlsLib.Language
Dim converter As New TControlsLib.LcidConverter
c.AddAllSystemLanguages mtAllKnownLanguages, True
For Each l In c.Languages
  Debug.Print l.DisplayName & ";" & converter.IsoAbbreviationFromLcid(l.Lcid)
Next

irb(main):001:0> require 'win32ole'
=> true
irb(main):002:0> t = "TRADOS Controls Type Library"
=> "TRADOS Controls Type Library"
irb(main):003:0> c = WIN32OLE_TYPE.new(t, "LangCombo")
=> LangCombo
irb(main):004:0> converter = WIN32OLE_TYPE.new(t, "LcidConverter")
=> LcidConverter
irb(main):005:0> c.ole_methods
=> [QueryInterface, AddRef, Release, GetTypeInfoCount, GetTypeInfo, 
GetIDsOfNames, Invoke, Enabled, Enabled, Languages, Refresh, AddSystemLanguage, 
SelectedItem, SelectedItem, SelectLanguage, Clear, AddAllSystemLanguages, 
DroppedDownHeight, DroppedDownHeight, AddCustomLanguage, AddLanguage, Type, 
Type, RemoveLanguage, OnSelectionChanged]
irb(main):006:0> c.AddAllSystemLanguages(3, true)
NoMethodError: undefined method `AddAllSystemLanguages' for LangCombo:WIN32OLE_TYPE
from (irb):6

