respond_to?
irb(main):001:0> require 'rubygems'
=> true
irb(main):002:0> require 'Qt4'
=> true
irb(main):003:0> require 'qtuitools'
=> true
irb(main):004:0> Qt::Application.new(ARGV)
=> #<Qt::Application:0xc3c9a08 objectName="ruby">
irb(main):005:0> file = Qt::File.new("dlg.ui") { open(Qt::File::ReadOnly) }
=> #<Qt::File:0xc2e1748 objectName="">
irb(main):006:0> obj = Qt::UiLoader.new().load(file, nil)
=> #<Qt::Dialog:0xc2bf650 objectName="dlg", x=0, y=0, width=283, height=244>
irb(main):007:0> obj.respond_to?('children')
=> false
irb(main):008:0> obj.respond_to?(:children)
=> false
irb(main):009:0> obj.children
=> [#<Qt::FormInternal::TranslationWatcher:0xc2a1980 objectName="">, ... 

children
false
NoMethodError
respond_to?
