irb(main):001:0> require 'oci8'
=> true
irb(main):002:0> OCI8::VERSION
=> "2.0.4"

irb(main):001:0> require 'C:\Ruby\lib\ruby\gems\1.8\gems\ruby-oci8-1.0.7-x86-mswin32-60\lib\oci8'
=> true
irb(main):002:0> OCI8::VERSION
=> "1.0.7"

irb(main):001:0> gem 'ruby-oci8', :lib=>'oci8', :version=>'=1.0.7'
=> true
irb(main):002:0> OCI8::VERSION
NameError: uninitialized constant OCI8
    from (irb):2

