[vineeth@localhost my_app]$ which ruby
/usr/local/bin/ruby

[vineeth@localhost my_app]$ which rails
/usr/bin/rails

[vineeth@localhost my_app]$ which gem
/usr/bin/gem

[vineeth@localhost my_app]$ script/server
./script/../config/boot.rb:9:in `require': no such file to load -- rubygems (LoadError)
 from ./script/../config/boot.rb:9
 from script/server:2:in `require'
 from script/server:2

[vineeth@localhost my_app]$ cat ~/.bash_profile
# .bash_profile

# Get the aliases and functions
if [ -f ~/.bashrc ]; then
 . ~/.bashrc
fi

# User specific environment and startup programs

PATH=$PATH:$HOME/bin

export PATH="/usr/local/bin:/usr/local/sbin:/usr/bin/ruby:$PATH"

