josiah@BOX-OF-DOOOM:/etc$ export HTTP_PROXY=http://jkiehl:supersecret@www-proxy.myproxysdomain.com:80/
josiah@BOX-OF-DOOOM:/etc$ sudo gem i cucumber
ERROR:  http://rubygems.org/ does not appear to be a repository
ERROR:  Could not find a valid gem 'cucumber' (>= 0) in any repository
josiah@BOX-OF-DOOOM:/etc$ sudo gem i -p cucumber
ERROR:  While executing gem ... (OptionParser::InvalidArgument)
    invalid argument: -p cucumber
josiah@BOX-OF-DOOOM:/etc$ sudo gem i -P cucumber
ERROR:  While executing gem ... (OptionParser::InvalidArgument)
    invalid argument: -P 
josiah@BOX-OF-DOOOM:/etc$ sudo gem i --http-proxy cucumber
ERROR:  While executing gem ... (OptionParser::InvalidArgument)

