irb(main):001:0> require 'rubygems'
=> true
irb(main):002:0> require 'curb'
=> true
irb(main):003:0> require 'json'
=> true
irb(main):004:0> require 'curb-fu'
=> true
irb(main):005:0> 

#!/usr/bin/ruby

require 'rubygems'
require 'curb'
require 'json'
require 'curb-fu'

response = CurbFu.get('http://slashdot.org')
puts response.body

/usr/lib/ruby/gems/1.8/gems/curb-fu-0.4.4/lib/curb-fu/authentication.rb:3: uninitialized constant CurbFu::Authentication::Curl (NameError)

