Exception PhusionPassenger::UnknownError in PhusionPassenger::Railz::ApplicationSpawner (no such file to load -- money (MissingSourceFile))

gem list money
*** LOCAL GEMS ***

money (3.0.5)

irb
irb(main):001:0> require 'rubygems'
=> true
irb(main):002:0> require 'money'
=> true

config/environment.rb
require 'money'

# ls -l /usr/lib/ruby/gems/1.8/gems/money-3.0.5/lib
total 8
drwx------ 2 root root 4096 Sep  2 10:26 money
-rw-r--r-- 1 root root 1284 Sep  2 10:26 money.rb

Exception LoadError in PhusionPassenger::Railz::ApplicationSpawner (no such file to load -- logger)

# which irb
/usr/bin/irb
# irb
irb(main):001:0> require 'logger'
=> true
irb(main):002:0> exit
# /opt/ruby-enterprise-1.8.7-2010.02/bin/irb 
irb(main):001:0> require 'logger'
=> true

