>> require 'rubygems'
=> false
>> Gem.available?('money')
=> true
>> require 'money'
LoadError: no such file to load -- money
        from (irb):3:in `require'
        from (irb):3
        from /usr/bin/irb:12:in `<main>'
>> Gem.available?('pony')
=> false
>> require 'pony'
=> true

irb 0.9.5(05/04/13)
gem list --local
*** LOCAL GEMS ***

albino (1.0)
bcat (0.5.2)
builder (2.1.2)
bundler (1.0.0)
classifier (1.3.3)
diff-lcs (1.1.2)
directory_watcher (1.3.2)
fast-stemmer (1.0.0)
gdata (1.1.1)
gdata2 (0.1)
github-markup (0.5.0)
gollum (1.0.1)
google4r-checkout (1.0.6.1)
grit (2.2.0)
jekyll (0.7.0)
kwalify (0.7.1)
liquid (2.2.2)
maruku (0.6.0)
mime-types (1.16)
mocha (0.9.8)
money (3.0.5)
mustache (0.11.2)
nokogiri (1.4.3.1)
rack (1.2.1, 1.1.0)
rake (0.8.7)
rubygems-update (1.3.7)
sanitize (1.2.1)
sinatra (1.0)
syntax (1.0.0)
unicorn (1.1.3)

money
pony
gem env
RubyGems Environment:
  - RUBYGEMS VERSION: 1.3.7
  - RUBY VERSION: 1.9.1 (2010-01-10 patchlevel 378) [x86_64-linux]
  - INSTALLATION DIRECTORY: /usr/lib/ruby/gems/1.9.1
  - RUBY EXECUTABLE: /usr/bin/ruby1.9.1
  - EXECUTABLE DIRECTORY: /usr/bin
  - RUBYGEMS PLATFORMS:
    - ruby
    - x86_64-linux
  - GEM PATHS:
     - /usr/lib/ruby/gems/1.9.1
     - /home/aresnick/.gem/ruby/1.9.1
  - GEM CONFIGURATION:
     - :update_sources => true
     - :verbose => true
     - :benchmark => false
     - :backtrace => false
     - :bulk_threshold => 1000
  - REMOTE SOURCES:
     - http://rubygems.org/

gem
ruby
aresnick@dror:~$ which ruby
/usr/bin/ruby
aresnick@dror:~$ ls -al $(which ruby)
lrwxrwxrwx 1 root root 22 2010-08-28 20:08 /usr/bin/ruby -> /etc/alternatives/ruby
aresnick@dror:~$ ls -al /etc/alternatives/ruby
lrwxrwxrwx 1 root root 18 2010-08-28 20:08 /etc/alternatives/ruby -> /usr/bin/ruby1

gdata
sinatra
aresnick@dror:~$ gem which pony
/var/lib/gems/1.9.1/gems/pony-1.0/lib/pony.rb
aresnick@dror:~$ gem which money
/usr/lib/ruby/gems/1.9.1/gems/money-3.0.5/lib/money.rb
aresnick@dror:~$ gem which sinatra
/var/lib/gems/1.9.1/gems/sinatra-1.0/lib/sinatra.rb
aresnick@dror:~$ gem which gdata
/usr/lib/ruby/gems/1.9.1/gems/gdata-1.1.1/lib/gdata.rb
aresnick@dror:~$ irb
>> require 'sinatra'
=> true
>> require 'gdata'
LoadError: no such file to load -- gdata
    from (irb):2:in `require'
    from (irb):2
    from /usr/bin/irb:12:in `<main>'

/usr/lib/ruby/gems/1.9.1
/var
