module Test
class Spam
 attr_accessor :hooray, :name

 def initialize
    hooray = []
    name = "Whammy"
 end
end 
end

Loading development environment (Rails 3.0.0)
irb(main):001:0> require 'Test'
=> nil
irb(main):002:0> test = Test::Spam.new
=> #<Test::Spam:0x000000031ff470>
irb(main):003:0> test.name
=> nil
irb(main):004:0> test.hooray
=> nil
irb(main):005:0> test.hooray << 5
NoMethodError: You have a nil object when you didn't expect it!
You might have expected an instance of Array.
The error occurred while evaluating nil.<<
    from (irb):5
    from /usr/local/lib/ruby/gems/1.9.1/gems/railties-3.0.0/lib/rails/commands/console.rb:44:in `start'
    from /usr/local/lib/ruby/gems/1.9.1/gems/railties-3.0.0/lib/rails/commands/console.rb:8:in `start'
    from /usr/local/lib/ruby/gems/1.9.1/gems/railties-3.0.0/lib/rails/commands.rb:23:in `<top (required)>'
    from script/rails:6:in `require'
    from script/rails:6:in `<main>'
irb(main):006:0> 

