steve@server:/var/www/listings$ irb
irb(main):001:0> Gem.path
=> ["/home/steve/.gem/ruby/1.9.1", "/usr/local/ruby/lib/ruby/gems/1.9.1"]
irb(main):002:0> require 'nokogiri'
=> true

irb(main):001:0> Gem.path
=> ["/home/steve/.gem/ruby/1.9.1", "/usr/local/ruby/lib/ruby/gems/1.9.1"]
irb(main):002:0> require 'nokogiri'
=> false

steve@server:/var/www/listings$ gem which nokogiri
/usr/local/ruby/lib/ruby/gems/1.9.1/gems/nokogiri-1.4.3.1/lib/nokogiri.rb

steve@server:/var/www/listings$ bundle show nokogiri
/usr/local/ruby/lib/ruby/gems/1.9.1/gems/nokogiri-1.4.3.1

/usr/local/ruby/lib/ruby/gems/1.9.1/gems/activesupport-3.0.1/lib/active_support/dependencies.rb:304:in `rescue in depend_on': No such file to load -- Nokogiri (LoadError)

steve@server:/var/www/listings$ ruby --version
ruby 1.9.2p0 (2010-08-18 revision 29036) [i686-linux]
steve@server:/var/www/listings$ rails --version
Rails 3.0.1
steve@server:/var/www/listings$ gem env
RubyGems Environment:
  - RUBYGEMS VERSION: 1.3.7
  - RUBY VERSION: 1.9.2 (2010-08-18 patchlevel 0) [i686-linux]
  - INSTALLATION DIRECTORY: /usr/local/ruby/lib/ruby/gems/1.9.1
  - RUBY EXECUTABLE: /usr/local/ruby/bin/ruby
  - EXECUTABLE DIRECTORY: /usr/local/ruby/bin
  - RUBYGEMS PLATFORMS:
    - ruby
    - x86-linux
  - GEM PATHS:
     - /usr/local/ruby/lib/ruby/gems/1.9.1
     - /home/steve/.gem/ruby/1.9.1
  - GEM CONFIGURATION:
     - :update_sources => true
     - :verbose => true
     - :benchmark => false
     - :backtrace => false
     - :bulk_threshold => 1000
  - REMOTE SOURCES:
     - http://rubygems.org/

