$ which ruby
/usr/bin/ruby

$ ruby -v
ruby 1.8.7 (2009-06-12 patchlevel 174) [universal-darwin10.0]

$ rails -v
Rails 2.3.9

autotest-rails (4.1.0)
ZenTest (4.4.0)

$ echo $PATH
/opt/local/bin:/opt/local/sbin:/Library/Frameworks/Python.framework/Versions/Current/bin:/usr/local/bin:/bin:/sbin:/usr/bin:/usr/sbin:/usr/local/bin:/usr/local/mysql/bin:/Users/ethan/bin:/opt/local/bin:/usr/local/pgsql/bin:/usr/local/git/bin:/usr/local/oracle/instantclient_10_2

RubyGems Environment:
  - RUBYGEMS VERSION: 1.3.7
  - RUBY VERSION: 1.8.7 (2009-06-12 patchlevel 174) [universal-darwin10.0]
  - INSTALLATION DIRECTORY: /Library/Ruby/Gems/1.8
  - RUBY EXECUTABLE: /System/Library/Frameworks/Ruby.framework/Versions/1.8/usr/bin/ruby
  - EXECUTABLE DIRECTORY: /usr/bin
  - RUBYGEMS PLATFORMS:
    - ruby
    - universal-darwin-10
  - GEM PATHS:
     - /Library/Ruby/Gems/1.8
     - /Users/ethan/.gem/ruby/1.8
     - /System/Library/Frameworks/Ruby.framework/Versions/1.8/usr/lib/ruby/gems/1.8
  - GEM CONFIGURATION:
     - :update_sources => true
     - :verbose => true
     - :benchmark => false
     - :backtrace => false
     - :bulk_threshold => 1000
     - :sources => ["http://gemcutter.org"]
  - REMOTE SOURCES:
     - http://gemcutter.org

$ autotest
loading autotest/rails
/System/Library/Frameworks/Ruby.framework/Versions/1.8/usr/bin/ruby -I.:lib:test -rubygems -e "%w[test/unit test/functional/procurements_controller_test.rb].each { |f| require f }" | unit_diff -u
sh: /usr/local/bin/unit_diff: /usr/local/bin/ruby: bad interpreter: No such file or directory
/System/Library/Frameworks/Ruby.framework/Versions/1.8/usr/lib/ruby/1.8/test/unit/ui/console/testrunner.rb:108:in `flush': Broken pipe (Errno::EPIPE)
    from /System/Library/Frameworks/Ruby.framework/Versions/1.8/usr/lib/ruby/1.8/test/unit/ui/console/testrunner.rb:108:in `output'
    from /System/Library/Frameworks/Ruby.framework/Versions/1.8/usr/lib/ruby/1.8/test/unit/ui/console/testrunner.rb:51:in `setup_mediator'
    from /System/Library/Frameworks/Ruby.framework/Versions/1.8/usr/lib/ruby/1.8/test/unit/ui/console/testrunner.rb:39:in `start'
    from /System/Library/Frameworks/Ruby.framework/Versions/1.8/usr/lib/ruby/1.8/test/unit/ui/testrunnerutilities.rb:29:in `run'
    from /System/Library/Frameworks/Ruby.framework/Versions/1.8/usr/lib/ruby/1.8/test/unit/autorunner.rb:216:in `run'
    from /System/Library/Frameworks/Ruby.framework/Versions/1.8/usr/lib/ruby/1.8/test/unit/autorunner.rb:12:in `run'
    from /System/Library/Frameworks/Ruby.framework/Versions/1.8/usr/lib/ruby/1.8/test/unit.rb:278
    from -e:1

