require
$LOAD_PATH << '.'
$LOAD_PATH << File.dirname(__FILE__)
require './path/to/file'
RUBY_VERSION
require_relative
require
require_relative
require_relative
require File.join(File.dirname(__FILE__), 'path/to/file')
require File.join(File.dirname(__FILE__), 'path/to/file')
$ cat caller.rb
require File.join(File.dirname(__FILE__), 'path/to/file')
$ cat path/to/file.rb
puts 'Some testing'
$ ruby caller
Some testing
$ pwd
/tmp
$ ruby /tmp/caller
Some testing
$ ruby tmp/caller
tmp/caller.rb:1:in 'require': no such file to load -- tmp/path/to/file (LoadError)
    from tmp/caller.rb:1:in '<main>'
$ cat caller.rb
require File.join(File.dirname(__FILE__), 'path/to/file')
$ cat path/to/file.rb
puts 'Some testing'
$ ruby caller
Some testing
$ pwd
/tmp
$ ruby /tmp/caller
Some testing
$ ruby tmp/caller
tmp/caller.rb:1:in 'require': no such file to load -- tmp/path/to/file (LoadError)
    from tmp/caller.rb:1:in '<main>'
require File.join(File.expand_path(File.dirname(__FILE__)), 'path/to/file')
require File.join(File.expand_path(File.dirname(__FILE__)), 'path/to/file')
require
