ruby-1.8.7-p174.tar.gz
[root@localhost ~]# which ruby
/usr/local/bin/ruby
[root@localhost ~]# echo $PATH
...:/usr/local/bin:...
[root@localhost ~]# ruby -v
ruby 1.8.7 (2009-06-12 patchlevel 174) [i686-linux]

[root@localhost ~]# ruby setup.rb
...
RubyGems installed the following executables:
/usr/local/bin/gem

/usr/local/bin
gem install rails
[root@localhost ~]# gem install rails
ERROR: Loading command: install (LoadError)
    no such file to load -- zlib
Error: While executing gem ... (NameError)
    uninitialized constant Gem::Commands::InstallCommand

[root@localhost ~]# rpm -q zlib zlib-devel
zlib-1.2.3-10.fc7
zlib-devel-1.2.3-10.fc7

