require 'rubygems'
require 'redis'

class HomeController < ApplicationController
  def index
    redis = Redis.new
    redis.set "mykey", "myvalue"
  end
end

LoadError in HomeController#index

no such file to load -- redis
Rails.root: /Users/Scott/Projects/Rails/myapp

Application Trace | Framework Trace | Full Trace
app/controllers/home_controller.rb:2
This error occurred while loading the following files:
   redis

~/Projects/Rails/myapp Scott $ irb
irb(main):001:0> require 'rubygems'
=> true
irb(main):002:0> require 'redis'
=> true
irb(main):003:0> r = Redis.new
=> #<Redis client v2.1.1 connected to redis://127.0.0.1:6379/0 (Redis v2.2.1)>

source 'http://rubygems.org'

gem 'rails', '3.0.5'
gem 'sqlite3'
gem 'redis'

RubyGems Environment:
  - RUBYGEMS VERSION: 1.6.0
  - RUBY VERSION: 1.8.7 (2011-02-18 patchlevel 334) [i686-darwin10]
  - INSTALLATION DIRECTORY: /opt/local/lib/ruby/gems/1.8
  - RUBY EXECUTABLE: /opt/local/bin/ruby
  - EXECUTABLE DIRECTORY: /opt/local/bin
  - RUBYGEMS PLATFORMS:
    - ruby
    - x86-darwin-10
  - GEM PATHS:
     - /opt/local/lib/ruby/gems/1.8
     - /Users/Scott/.gem/ruby/1.8
  - GEM CONFIGURATION:
     - :update_sources => true
     - :verbose => true
     - :benchmark => false
     - :backtrace => false
     - :bulk_threshold => 1000
  - REMOTE SOURCES:
     - http://rubygems.org/

~/Projects/Rails/armatree Scott $ irb
irb(main):001:0> require 'rubygems'
=> true
irb(main):002:0> puts Gem.path
/Users/Scott/.gem/ruby/1.8
/opt/local/lib/ruby/gems/1.8
=> nil

