Bus error: 10
$ cabal install aeson
Bus error: 10

$ cabal sandbox init
Bus error: 10

$ cabal list
Bus error: 10

cabal help
$ cabal --version
cabal-install version 1.18.0.2
using version 1.18.1.2 of the Cabal library

$ ghc --version
The Glorious Glasgow Haskell Compilation System, version 7.6.3

