$ cat a.hs
main = putStrLn "Toy example"
$ runghc a.hs
Toy example

$ cat b.hs
{-# LANGUAGE TemplateHaskell #-}
id [d|
main = putStrLn "Toy example"
|]
$ runghc b.hs

b.hs:3:0: parse error (possibly incorrect indentation)

$ cat c.hs
{-# LANGUAGE TemplateHaskell #-}
id [d|
 main = putStrLn "Toy example"
 |]
$ runghc c.hs
Toy example

{ ; ; }
(...)
$ ...
[d|...|]
id
prop_
b.hs:3:1
