echo Now compiling, assembling, and linking the core:
nasm -f aout -o start.o start.asm

gcc -Wall -O -fstrength-reduce -fomit-frame-pointer -finline-functions -nostdinc -fno-builtin -I./include -c -o consoleio.o consoleio.c
gcc -Wall -O -fstrength-reduce -fomit-frame-pointer -finline-functions -nostdinc -fno-builtin -I./include -c -o core.o core.c
gcc -Wall -O -fstrength-reduce -fomit-frame-pointer -finline-functions -nostdinc -fno-builtin -I./include -c -o system.o system.c

ld -T link.ld -o core.bin start.o core.o system.o consoleio.o
echo Done!

concat.py

pause

C:\Simple\core>build.bat

C:\Simple\core>echo Now compiling, assembling, and linking the core:
Now compiling, assembling, and linking the core:

C:\Simple\core>nasm -f aout -o start.o start.asm

C:\Simple\core>gcc -Wall -O -fstrength-reduce -fomit-frame-pointer -finline-func
tions -nostdinc -fno-builtin -I./include -c -o consoleio.o consoleio.c
The system cannot execute the specified program.

C:\Simple\core>gcc -Wall -O -fstrength-reduce -fomit-frame-pointer -finline-func
tions -nostdinc -fno-builtin -I./include -c -o core.o core.c

C:\Simple\core>gcc -Wall -O -fstrength-reduce -fomit-frame-pointer -finline-func
tions -nostdinc -fno-builtin -I./include -c -o system.o system.c
The system cannot execute the specified program.

C:\Simple\core>ld -T link.ld -o core.bin start.o core.o system.o consoleio.o
c:/djgpp/bin/ld.exe: system.o: No such file: No such file or directory (ENOENT)

C:\Simple\core>echo Done!
Done!

C:\Simple\core>concat.py
Traceback (most recent call last):
  File "C:\Simple\core\concat.py", line 12, in <module>
    with open("core.bin", "rb") as core:
IOError: [Errno 2] No such file or directory: 'core.bin'

