D:\RPD_Programming\RPD_HelloWorld\RPD_Gtk_helloworld>gcc helloworld.c -o hellowo
rld
helloworld.c:1:21: gtk/gtk.h: No such file or directory
helloworld.c:5: error: syntax error before '*' token
helloworld.c:11: error: syntax error before "delete_event"
helloworld.c:11: error: syntax error before '*' token
helloworld.c: In function `delete_event':
helloworld.c:26: error: `TRUE' undeclared (first use in this function)
helloworld.c:26: error: (Each undeclared identifier is reported only once
helloworld.c:26: error: for each function it appears in.)
helloworld.c: At top level:
helloworld.c:30: error: syntax error before '*' token
helloworld.c: In function `main':
helloworld.c:40: error: `GtkWidget' undeclared (first use in this function)
helloworld.c:40: error: `window' undeclared (first use in this function)
helloworld.c:41: error: `button' undeclared (first use in this function)
helloworld.c:48: error: `GTK_WINDOW_TOPLEVEL' undeclared (first use in this func
tion)
helloworld.c:56: error: `NULL' undeclared (first use in this function)
helloworld.c:80: error: `gtk_widget_destroy' undeclared (first use in this funct
ion)

D:\RPD_Programming\RPD_HelloWorld\RPD_Gtk_helloworld>gcc helloworld.c -o hellowo
rld pkg-config --cflags --libs gtk+-2.0
gcc: pkg-config: No such file or directory
gcc: gtk+-2.0: No such file or directory
cc1.exe: error: unrecognized command line option "-fcflags"
cc1.exe: error: unrecognized command line option "-flibs"

D:\RPD_Programming\RPD_HelloWorld\RPD_Gtk_helloworld>gcc --v
Reading specs from C:/MinGW/bin/../lib/gcc/mingw32/3.4.5/specs
Configured with: ../gcc-3.4.5-20060117-3/configure --with-gcc --with-gnu-ld --wi
th-gnu-as --host=mingw32 --target=mingw32 --prefix=/mingw --enable-threads --dis
able-nls --enable-languages=c,c++,f77,ada,objc,java --disable-win32-registry --d
isable-shared --enable-sjlj-exceptions --enable-libgcj --disable-java-awt --with
out-x --enable-java-gc=boehm --disable-libgcj-debug --enable-interpreter --enabl
e-hash-synchronization --enable-libstdcxx-debug
Thread model: win32
gcc version 3.4.5 (mingw-vista special r3)

D:\RPD_Programming\RPD_HelloWorld\RPD_Gtk_helloworld>pkg-config --version
0.23

D:\RPD_Programming\RPD_HelloWorld\RPD_Gtk_helloworld>which pkg-config
/cygdrive/c/Gtk+/bin/pkg-config

D:\RPD_Programming\RPD_HelloWorld\RPD_Gtk_helloworld> echo %PKG_CONFIG_PATH%
C:\Gtk+\lib\pkgconfig

