mike@canon:~$ cat test.c
int main(){
  return 0;
}
mike@canon:~$ gcc test.c
/lusr/opt/gcc-4.4.3/libexec/gcc/i686-pc-linux-gnu/4.4.3/cc1: error while loading shared libraries: libmpfr.so.1: cannot open shared object file: No such file or directory

/lusr/opt/mpfr-2.4.2/lib:/lusr/opt/gmp-4.3.2/lib
LD_LIBRARY_PATH
mike@canon:~$ gcc test.c
cc1: error: unrecognized command line option "-L/lusr/opt/mpfr-2.4.2/lib"

cc
mike@canon:~$ env | grep mpfr
OLDPWD=/lusr/opt/mpfr-2.4.2/lib
LD_LIBRARY_PATH=/lusr/opt/mpfr-2.4.2/lib:/lusr/opt/gmp-4.3.2/lib:

mike@canon:~$ echo $LDFLAGS

(the above is a blank line)

